Component: ARM Compiler 5.06 update 6 (build 750) Tool: armlink [4d35ed]

==============================================================================

Section Cross References

    system_stm32f10x.o(i.SetSysClock) refers to system_stm32f10x.o(i.SetSysClockTo72) for SetSysClockTo72
    system_stm32f10x.o(i.SystemCoreClockUpdate) refers to system_stm32f10x.o(.data) for SystemCoreClock
    system_stm32f10x.o(i.SystemInit) refers to system_stm32f10x.o(i.SetSysClock) for SetSysClock
    main.o(i.Copy_To_Buffer) refers to oled_drv.o(.bss) for OLED_Assistant
    main.o(i.Dev_Setup) refers to delay.o(i.Delay_Init) for Delay_Init
    main.o(i.Dev_Setup) refers to misc.o(i.NVIC_PriorityGroupConfig) for NVIC_PriorityGroupConfig
    main.o(i.Dev_Setup) refers to time_base.o(i.TIM3_Int_Init) for TIM3_Int_Init
    main.o(i.Dev_Setup) refers to usart.o(i.USART2_Configure) for USART2_Configure
    main.o(i.Dev_Setup) refers to oled_drv.o(i.OLED_Hinit) for OLED_Hinit
    main.o(i.Dev_Setup) refers to oled_drv.o(i.OLED_SInit) for OLED_SInit
    main.o(i.Dev_Setup) refers to oled_drv.o(i.OLED_Clear) for OLED_Clear
    main.o(i.Dev_Setup) refers to ds18b20.o(i.DS18B20_Init) for DS18B20_Init
    main.o(i.Dev_Setup) refers to dht11.o(i.DHT11_Init) for DHT11_Init
    main.o(i.Dev_Setup) refers to led.o(i.LED_Init) for LED_Init
    main.o(i.Dev_Setup) refers to key.o(i.Key_Init) for Key_Init
    main.o(i.Dev_Setup) refers to dma.o(i.MYDMA_Config) for MYDMA_Config
    main.o(i.Dev_Setup) refers to stm32f10x_dma.o(i.DMA_ClearFlag) for DMA_ClearFlag
    main.o(i.Dev_Setup) refers to stm32f10x_usart.o(i.USART_DMACmd) for USART_DMACmd
    main.o(i.Dev_Setup) refers to oled_drv.o(i.OLED_ShowStr_6x8) for OLED_ShowStr_6x8
    main.o(i.Dev_Setup) refers to main.o(.bss) for RecvBuff
    main.o(i.Send_Wrapper) refers to main.o(i.MemCopy) for MemCopy
    main.o(i.Send_Wrapper) refers to main.o(.data) for udma
    main.o(i.Str_Splice) refers to main.o(i.Size_Of_Str) for Size_Of_Str
    main.o(i.main) refers to main.o(i.Dev_Setup) for Dev_Setup
    main.o(i.main) refers to main.o(i.Copy_To_Buffer) for Copy_To_Buffer
    main.o(i.main) refers to key.o(i.KEY_Scan) for KEY_Scan
    main.o(i.main) refers to oled_drv.o(i.OLED_Screen_Show) for OLED_Screen_Show
    main.o(i.main) refers to socket.o(i.Socket_Send) for Socket_Send
    main.o(i.main) refers to oled_drv.o(i.OLED_Clear) for OLED_Clear
    main.o(i.main) refers to socket.o(i.DHT_Share_Data_Demo) for DHT_Share_Data_Demo
    main.o(i.main) refers to socket.o(i.DS18B20_Share_Data_Demo) for DS18B20_Share_Data_Demo
    main.o(i.main) refers to socket.o(i.Socket_Create_TCPClient) for Socket_Create_TCPClient
    main.o(i.main) refers to oled_drv.o(i.OLED_ShowStr_6x8) for OLED_ShowStr_6x8
    main.o(i.main) refers to dht11.o(i.DHT11_Read_Data) for DHT11_Read_Data
    main.o(i.main) refers to time_base.o(.data) for Flag_1ms
    main.o(i.main) refers to main.o(.data) for udma
    main.o(i.main) refers to oled_drv.o(.bss) for OLED_Assistant
    main.o(i.main) refers to dht11.o(.data) for DHT_EOC
    main.o(i.main) refers to ds18b20.o(.data) for DS18B20_EOC
    main.o(i.main) refers to socket.o(.data) for dht11_send_ok
    main.o(.data) refers to main.o(.bss) for RecvBuff
    main.o(.data) refers to main.o(.conststring) for .conststring
    main.o(.data) refers to socket.o(.data) for Server_IP
    socket.o(i.DHT_Get_Data) refers to memcpya.o(.text) for __aeabi_memcpy4
    socket.o(i.DHT_Get_Data) refers to main.o(i.Int_To_Str) for Int_To_Str
    socket.o(i.DHT_Get_Data) refers to main.o(i.Str_Splice) for Str_Splice
    socket.o(i.DHT_Get_Data) refers to socket.o(.constdata) for .constdata
    socket.o(i.DHT_Get_Data) refers to socket.o(.data) for DHT11_Data_Field
    socket.o(i.DHT_Share_Data_Demo) refers to socket.o(i.DHT_Get_Data) for DHT_Get_Data
    socket.o(i.DHT_Share_Data_Demo) refers to socket.o(i.Data_Packing) for Data_Packing
    socket.o(i.DHT_Share_Data_Demo) refers to socket.o(i.Socket_Format_Send) for Socket_Format_Send
    socket.o(i.DHT_Share_Data_Demo) refers to socket.o(.data) for step
    socket.o(i.DHT_Share_Data_Demo) refers to main.o(.data) for Dev_Tempture_DHT11
    socket.o(i.DHT_Share_Data_Demo) refers to dht11.o(.data) for DHT_EOC
    socket.o(i.DS18B20_Get_Data) refers to memcpya.o(.text) for __aeabi_memcpy4
    socket.o(i.DS18B20_Get_Data) refers to main.o(i.Int_To_Str) for Int_To_Str
    socket.o(i.DS18B20_Get_Data) refers to main.o(i.Str_Splice) for Str_Splice
    socket.o(i.DS18B20_Get_Data) refers to socket.o(.constdata) for .constdata
    socket.o(i.DS18B20_Get_Data) refers to socket.o(.data) for DS18B20_Data_Field
    socket.o(i.DS18B20_Share_Data_Demo) refers to socket.o(i.DS18B20_Get_Data) for DS18B20_Get_Data
    socket.o(i.DS18B20_Share_Data_Demo) refers to socket.o(i.Data_Packing) for Data_Packing
    socket.o(i.DS18B20_Share_Data_Demo) refers to socket.o(i.Socket_Format_Send) for Socket_Format_Send
[...]
    Removing stm32f10x_cec.o(i.CEC_DeInit), (22 bytes).
    Removing stm32f10x_cec.o(i.CEC_EndOfMessageCmd), (12 bytes).
    Removing stm32f10x_cec.o(i.CEC_GetFlagStatus), (48 bytes).
    Removing stm32f10x_cec.o(i.CEC_GetITStatus), (40 bytes).
    Removing stm32f10x_cec.o(i.CEC_ITConfig), (12 bytes).
    Removing stm32f10x_cec.o(i.CEC_Init), (32 bytes).
    Removing stm32f10x_cec.o(i.CEC_OwnAddressConfig), (12 bytes).
    Removing stm32f10x_cec.o(i.CEC_ReceiveDataByte), (12 bytes).
    Removing stm32f10x_cec.o(i.CEC_SendDataByte), (12 bytes).
    Removing stm32f10x_cec.o(i.CEC_SetPrescaler), (12 bytes).
    Removing stm32f10x_cec.o(i.CEC_StartOfMessage), (12 bytes).
    Removing stm32f10x_crc.o(i.CRC_CalcBlockCRC), (36 bytes).
    Removing stm32f10x_crc.o(i.CRC_CalcCRC), (16 bytes).
    Removing stm32f10x_crc.o(i.CRC_GetCRC), (12 bytes).
    Removing stm32f10x_crc.o(i.CRC_GetIDRegister), (12 bytes).
    Removing stm32f10x_crc.o(i.CRC_ResetDR), (12 bytes).
    Removing stm32f10x_crc.o(i.CRC_SetIDRegister), (12 bytes).
    Removing stm32f10x_dac.o(i.DAC_Cmd), (40 bytes).
    Removing stm32f10x_dac.o(i.DAC_DMACmd), (44 bytes).
    Removing stm32f10x_dac.o(i.DAC_DeInit), (22 bytes).
    Removing stm32f10x_dac.o(i.DAC_DualSoftwareTriggerCmd), (36 bytes).
    Removing stm32f10x_dac.o(i.DAC_GetDataOutputValue), (36 bytes).
    Removing stm32f10x_dac.o(i.DAC_Init), (52 bytes).
    Removing stm32f10x_dac.o(i.DAC_SetChannel1Data), (32 bytes).
    Removing stm32f10x_dac.o(i.DAC_SetChannel2Data), (32 bytes).
    Removing stm32f10x_dac.o(i.DAC_SetDualChannelData), (36 bytes).
    Removing stm32f10x_dac.o(i.DAC_SoftwareTriggerCmd), (44 bytes).
    Removing stm32f10x_dac.o(i.DAC_StructInit), (12 bytes).
    Removing stm32f10x_dac.o(i.DAC_WaveGenerationCmd), (40 bytes).
    Removing stm32f10x_dbgmcu.o(i.DBGMCU_Config), (32 bytes).
    Removing stm32f10x_dbgmcu.o(i.DBGMCU_GetDEVID), (16 bytes).
    Removing stm32f10x_dbgmcu.o(i.DBGMCU_GetREVID), (12 bytes).
    Removing stm32f10x_dma.o(i.DMA_GetFlagStatus), (44 bytes).
    Removing stm32f10x_dma.o(i.DMA_StructInit), (26 bytes).
    Removing stm32f10x_exti.o(i.EXTI_ClearFlag), (12 bytes).
    Removing stm32f10x_exti.o(i.EXTI_ClearITPendingBit), (12 bytes).
    Removing stm32f10x_exti.o(i.EXTI_DeInit), (36 bytes).
    Removing stm32f10x_exti.o(i.EXTI_GenerateSWInterrupt), (16 bytes).
    Removing stm32f10x_exti.o(i.EXTI_GetFlagStatus), (24 bytes).
    Removing stm32f10x_exti.o(i.EXTI_GetITStatus), (40 bytes).
    Removing stm32f10x_exti.o(i.EXTI_Init), (148 bytes).
    Removing stm32f10x_exti.o(i.EXTI_StructInit), (16 bytes).
    Removing stm32f10x_flash.o(i.FLASH_ClearFlag), (12 bytes).
    Removing stm32f10x_flash.o(i.FLASH_EnableWriteProtection), (196 bytes).
    Removing stm32f10x_flash.o(i.FLASH_EraseAllBank1Pages), (72 bytes).
    Removing stm32f10x_flash.o(i.FLASH_EraseAllPages), (72 bytes).
    Removing stm32f10x_flash.o(i.FLASH_EraseOptionBytes), (168 bytes).
    Removing stm32f10x_flash.o(i.FLASH_ErasePage), (76 bytes).
    Removing stm32f10x_flash.o(i.FLASH_GetBank1Status), (52 bytes).
    Removing stm32f10x_flash.o(i.FLASH_GetFlagStatus), (48 bytes).
    Removing stm32f10x_flash.o(i.FLASH_GetPrefetchBufferStatus), (24 bytes).
    Removing stm32f10x_flash.o(i.FLASH_GetReadOutProtectionStatus), (24 bytes).
    Removing stm32f10x_flash.o(i.FLASH_GetStatus), (52 bytes).
    Removing stm32f10x_flash.o(i.FLASH_GetUserOptionByte), (12 bytes).
    Removing stm32f10x_flash.o(i.FLASH_GetWriteProtectionOptionByte), (12 bytes).
    Removing stm32f10x_flash.o(i.FLASH_HalfCycleAccessCmd), (28 bytes).
    Removing stm32f10x_flash.o(i.FLASH_ITConfig), (32 bytes).
    Removing stm32f10x_flash.o(i.FLASH_Lock), (20 bytes).
    Removing stm32f10x_flash.o(i.FLASH_LockBank1), (20 bytes).
    Removing stm32f10x_flash.o(i.FLASH_PrefetchBufferCmd), (28 bytes).
    Removing stm32f10x_flash.o(i.FLASH_ProgramHalfWord), (64 bytes).
    Removing stm32f10x_flash.o(i.FLASH_ProgramOptionByteData), (84 bytes).
    Removing stm32f10x_flash.o(i.FLASH_ProgramWord), (108 bytes).
    Removing stm32f10x_flash.o(i.FLASH_ReadOutProtection), (172 bytes).
    Removing stm32f10x_flash.o(i.FLASH_SetLatency), (24 bytes).
    Removing stm32f10x_flash.o(i.FLASH_Unlock), (24 bytes).
    Removing stm32f10x_flash.o(i.FLASH_UnlockBank1), (24 bytes).
    Removing stm32f10x_flash.o(i.FLASH_UserOptionByteConfig), (104 bytes).
    Removing stm32f10x_flash.o(i.FLASH_WaitForLastBank1Operation), (38 bytes).
    Removing stm32f10x_flash.o(i.FLASH_WaitForLastOperation), (38 bytes).
    Removing stm32f10x_fsmc.o(i.FSMC_ClearFlag), (64 bytes).
    Removing stm32f10x_fsmc.o(i.FSMC_ClearITPendingBit), (72 bytes).
    Removing stm32f10x_fsmc.o(i.FSMC_GetECC), (28 bytes).
    Removing stm32f10x_fsmc.o(i.FSMC_GetFlagStatus), (56 bytes).
    Removing stm32f10x_fsmc.o(i.FSMC_GetITStatus), (68 bytes).
    Removing stm32f10x_fsmc.o(i.FSMC_ITConfig), (128 bytes).
    Removing stm32f10x_fsmc.o(i.FSMC_NANDCmd), (92 bytes).
    Removing stm32f10x_fsmc.o(i.FSMC_NANDDeInit), (68 bytes).
    Removing stm32f10x_fsmc.o(i.FSMC_NANDECCCmd), (92 bytes).
    Removing stm32f10x_fsmc.o(i.FSMC_NANDInit), (136 bytes).
    Removing stm32f10x_fsmc.o(i.FSMC_NANDStructInit), (54 bytes).
    Removing stm32f10x_fsmc.o(i.FSMC_NORSRAMCmd), (52 bytes).
    Removing stm32f10x_fsmc.o(i.FSMC_NORSRAMDeInit), (54 bytes).
    Removing stm32f10x_fsmc.o(i.FSMC_NORSRAMInit), (230 bytes).
    Removing stm32f10x_fsmc.o(i.FSMC_NORSRAMStructInit), (114 bytes).
    Removing stm32f10x_fsmc.o(i.FSMC_PCCARDCmd), (48 bytes).
    Removing stm32f10x_fsmc.o(i.FSMC_PCCARDDeInit), (40 bytes).
    Removing stm32f10x_fsmc.o(i.FSMC_PCCARDInit), (132 bytes).
    Removing stm32f10x_fsmc.o(i.FSMC_PCCARDStructInit), (60 bytes).
    Removing stm32f10x_gpio.o(i.GPIO_AFIODeInit), (20 bytes).
    Removing stm32f10x_gpio.o(i.GPIO_DeInit), (200 bytes).
    Removing stm32f10x_gpio.o(i.GPIO_ETH_MediaInterfaceConfig), (12 bytes).
    Removing stm32f10x_gpio.o(i.GPIO_EXTILineConfig), (64 bytes).
    Removing stm32f10x_gpio.o(i.GPIO_EventOutputCmd), (12 bytes).
    Removing stm32f10x_gpio.o(i.GPIO_EventOutputConfig), (32 bytes).
    Removing stm32f10x_gpio.o(i.GPIO_PinLockConfig), (18 bytes).
    Removing stm32f10x_gpio.o(i.GPIO_PinRemapConfig), (144 bytes).
    Removing stm32f10x_gpio.o(i.GPIO_ReadInputData), (8 bytes).
    Removing stm32f10x_gpio.o(i.GPIO_ReadOutputData), (8 bytes).
    Removing stm32f10x_gpio.o(i.GPIO_ReadOutputDataBit), (18 bytes).
    Removing stm32f10x_gpio.o(i.GPIO_ResetBits), (4 bytes).
    Removing stm32f10x_gpio.o(i.GPIO_StructInit), (16 bytes).
    Removing stm32f10x_i2c.o(i.I2C_ARPCmd), (24 bytes).
    Removing stm32f10x_i2c.o(i.I2C_AcknowledgeConfig), (24 bytes).
    Removing stm32f10x_i2c.o(i.I2C_CalculatePEC), (24 bytes).
    Removing stm32f10x_i2c.o(i.I2C_CheckEvent), (42 bytes).
    Removing stm32f10x_i2c.o(i.I2C_ClearFlag), (12 bytes).
    Removing stm32f10x_i2c.o(i.I2C_ClearITPendingBit), (12 bytes).
    Removing stm32f10x_i2c.o(i.I2C_Cmd), (24 bytes).
    Removing stm32f10x_i2c.o(i.I2C_DMACmd), (24 bytes).
    Removing stm32f10x_i2c.o(i.I2C_DMALastTransferCmd), (24 bytes).
    Removing stm32f10x_i2c.o(i.I2C_DeInit), (56 bytes).
    Removing stm32f10x_i2c.o(i.I2C_DualAddressCmd), (24 bytes).
    Removing stm32f10x_i2c.o(i.I2C_FastModeDutyCycleConfig), (28 bytes).
    Removing stm32f10x_i2c.o(i.I2C_GeneralCallCmd), (24 bytes).
    Removing stm32f10x_i2c.o(i.I2C_GenerateSTART), (24 bytes).
    Removing stm32f10x_i2c.o(i.I2C_GenerateSTOP), (24 bytes).
    Removing stm32f10x_i2c.o(i.I2C_GetFlagStatus), (58 bytes).
    Removing stm32f10x_i2c.o(i.I2C_GetITStatus), (38 bytes).
    Removing stm32f10x_i2c.o(i.I2C_GetLastEvent), (26 bytes).
    Removing stm32f10x_i2c.o(i.I2C_GetPEC), (8 bytes).
    Removing stm32f10x_i2c.o(i.I2C_ITConfig), (18 bytes).
    Removing stm32f10x_i2c.o(i.I2C_Init), (236 bytes).
    Removing stm32f10x_i2c.o(i.I2C_NACKPositionConfig), (28 bytes).
    Removing stm32f10x_i2c.o(i.I2C_OwnAddress2Config), (22 bytes).
    Removing stm32f10x_i2c.o(i.I2C_PECPositionConfig), (28 bytes).
    Removing stm32f10x_i2c.o(i.I2C_ReadRegister), (22 bytes).
    Removing stm32f10x_i2c.o(i.I2C_ReceiveData), (8 bytes).
    Removing stm32f10x_i2c.o(i.I2C_SMBusAlertConfig), (28 bytes).
    Removing stm32f10x_i2c.o(i.I2C_Send7bitAddress), (18 bytes).
    Removing stm32f10x_i2c.o(i.I2C_SendData), (4 bytes).
    Removing stm32f10x_i2c.o(i.I2C_SoftwareResetCmd), (22 bytes).
    Removing stm32f10x_i2c.o(i.I2C_StretchClockCmd), (24 bytes).
    Removing stm32f10x_i2c.o(i.I2C_StructInit), (30 bytes).
    Removing stm32f10x_i2c.o(i.I2C_TransmitPEC), (24 bytes).
    Removing stm32f10x_iwdg.o(i.IWDG_Enable), (16 bytes).
    Removing stm32f10x_iwdg.o(i.IWDG_GetFlagStatus), (24 bytes).
    Removing stm32f10x_iwdg.o(i.IWDG_ReloadCounter), (16 bytes).
    Removing stm32f10x_iwdg.o(i.IWDG_SetPrescaler), (12 bytes).
    Removing stm32f10x_iwdg.o(i.IWDG_SetReload), (12 bytes).
    Removing stm32f10x_iwdg.o(i.IWDG_WriteAccessCmd), (12 bytes).
    Removing stm32f10x_pwr.o(i.PWR_BackupAccessCmd), (12 bytes).
    Removing stm32f10x_pwr.o(i.PWR_ClearFlag), (20 bytes).
    Removing stm32f10x_pwr.o(i.PWR_DeInit), (22 bytes).
    Removing stm32f10x_pwr.o(i.PWR_EnterSTANDBYMode), (52 bytes).
    Removing stm32f10x_pwr.o(i.PWR_EnterSTOPMode), (64 bytes).
    Removing stm32f10x_pwr.o(i.PWR_GetFlagStatus), (24 bytes).
    Removing stm32f10x_pwr.o(i.PWR_PVDCmd), (12 bytes).
    Removing stm32f10x_pwr.o(i.PWR_PVDLevelConfig), (24 bytes).
    Removing stm32f10x_pwr.o(i.PWR_WakeUpPinCmd), (12 bytes).
    Removing stm32f10x_rcc.o(i.RCC_ADCCLKConfig), (24 bytes).
    Removing stm32f10x_rcc.o(i.RCC_APB1PeriphResetCmd), (32 bytes).
    Removing stm32f10x_rcc.o(i.RCC_APB2PeriphResetCmd), (32 bytes).
    Removing stm32f10x_rcc.o(i.RCC_AdjustHSICalibrationValue), (24 bytes).
    Removing stm32f10x_rcc.o(i.RCC_BackupResetCmd), (12 bytes).
    Removing stm32f10x_rcc.o(i.RCC_ClearFlag), (20 bytes).
    Removing stm32f10x_rcc.o(i.RCC_ClearITPendingBit), (12 bytes).
    Removing stm32f10x_rcc.o(i.RCC_ClockSecuritySystemCmd), (12 bytes).
    Removing stm32f10x_rcc.o(i.RCC_DeInit), (76 bytes).
    Removing stm32f10x_rcc.o(i.RCC_GetFlagStatus), (60 bytes).
    Removing stm32f10x_rcc.o(i.RCC_GetITStatus), (24 bytes).
    Removing stm32f10x_rcc.o(i.RCC_GetSYSCLKSource), (16 bytes).
    Removing stm32f10x_rcc.o(i.RCC_HCLKConfig), (24 bytes).
    Removing stm32f10x_rcc.o(i.RCC_HSEConfig), (76 bytes).
    Removing stm32f10x_rcc.o(i.RCC_HSICmd), (12 bytes).
    Removing stm32f10x_rcc.o(i.RCC_ITConfig), (32 bytes).
    Removing stm32f10x_rcc.o(i.RCC_LSEConfig), (52 bytes).
    Removing stm32f10x_rcc.o(i.RCC_LSICmd), (12 bytes).
    Removing stm32f10x_rcc.o(i.RCC_MCOConfig), (12 bytes).
    Removing stm32f10x_rcc.o(i.RCC_PCLK1Config), (24 bytes).
    Removing stm32f10x_rcc.o(i.RCC_PCLK2Config), (24 bytes).
    Removing stm32f10x_rcc.o(i.RCC_PLLCmd), (12 bytes).
    Removing stm32f10x_rcc.o(i.RCC_PLLConfig), (28 bytes).
    Removing stm32f10x_rcc.o(i.RCC_RTCCLKCmd), (12 bytes).
    Removing stm32f10x_rcc.o(i.RCC_RTCCLKConfig), (16 bytes).
    Removing stm32f10x_rcc.o(i.RCC_SYSCLKConfig), (24 bytes).
    Removing stm32f10x_rcc.o(i.RCC_USBCLKConfig), (12 bytes).
    Removing stm32f10x_rcc.o(i.RCC_WaitForHSEStartUp), (56 bytes).
    Removing stm32f10x_rtc.o(i.RTC_ClearFlag), (16 bytes).
    Removing stm32f10x_rtc.o(i.RTC_ClearITPendingBit), (16 bytes).
    Removing stm32f10x_rtc.o(i.RTC_EnterConfigMode), (20 bytes).
    Removing stm32f10x_rtc.o(i.RTC_ExitConfigMode), (20 bytes).
    Removing stm32f10x_rtc.o(i.RTC_GetCounter), (20 bytes).
    Removing stm32f10x_rtc.o(i.RTC_GetDivider), (24 bytes).
    Removing stm32f10x_rtc.o(i.RTC_GetFlagStatus), (24 bytes).
    Removing stm32f10x_rtc.o(i.RTC_GetITStatus), (36 bytes).
    Removing stm32f10x_rtc.o(i.RTC_ITConfig), (32 bytes).
    Removing stm32f10x_rtc.o(i.RTC_SetAlarm), (28 bytes).
    Removing stm32f10x_rtc.o(i.RTC_SetCounter), (28 bytes).
    Removing stm32f10x_rtc.o(i.RTC_SetPrescaler), (32 bytes).
    Removing stm32f10x_rtc.o(i.RTC_WaitForLastTask), (20 bytes).
    Removing stm32f10x_rtc.o(i.RTC_WaitForSynchro), (36 bytes).
    Removing stm32f10x_sdio.o(i.SDIO_CEATAITCmd), (16 bytes).
    Removing stm32f10x_sdio.o(i.SDIO_ClearFlag), (12 bytes).
    Removing stm32f10x_sdio.o(i.SDIO_ClearITPendingBit), (12 bytes).
    Removing stm32f10x_sdio.o(i.SDIO_ClockCmd), (12 bytes).
    Removing stm32f10x_sdio.o(i.SDIO_CmdStructInit), (14 bytes).
    Removing stm32f10x_sdio.o(i.SDIO_CommandCompletionCmd), (12 bytes).
    Removing stm32f10x_sdio.o(i.SDIO_DMACmd), (12 bytes).
    Removing stm32f10x_sdio.o(i.SDIO_DataConfig), (48 bytes).
    Removing stm32f10x_sdio.o(i.SDIO_DataStructInit), (20 bytes).
    Removing stm32f10x_sdio.o(i.SDIO_DeInit), (36 bytes).
    Removing stm32f10x_sdio.o(i.SDIO_GetCommandResponse), (12 bytes).
    Removing stm32f10x_sdio.o(i.SDIO_GetDataCounter), (12 bytes).
    Removing stm32f10x_sdio.o(i.SDIO_GetFIFOCount), (12 bytes).
    Removing stm32f10x_sdio.o(i.SDIO_GetFlagStatus), (24 bytes).
    Removing stm32f10x_sdio.o(i.SDIO_GetITStatus), (24 bytes).
    Removing stm32f10x_sdio.o(i.SDIO_GetPowerState), (16 bytes).
    Removing stm32f10x_sdio.o(i.SDIO_GetResponse), (24 bytes).
    Removing stm32f10x_sdio.o(i.SDIO_ITConfig), (32 bytes).
    Removing stm32f10x_sdio.o(i.SDIO_Init), (48 bytes).
    Removing stm32f10x_sdio.o(i.SDIO_ReadData), (12 bytes).
    Removing stm32f10x_sdio.o(i.SDIO_SendCEATACmd), (12 bytes).
    Removing stm32f10x_sdio.o(i.SDIO_SendCommand), (44 bytes).
    Removing stm32f10x_sdio.o(i.SDIO_SendSDIOSuspendCmd), (12 bytes).
    Removing stm32f10x_sdio.o(i.SDIO_SetPowerState), (28 bytes).
    Removing stm32f10x_sdio.o(i.SDIO_SetSDIOOperation), (12 bytes).
    Removing stm32f10x_sdio.o(i.SDIO_SetSDIOReadWaitMode), (12 bytes).
    Removing stm32f10x_sdio.o(i.SDIO_StartSDIOReadWait), (12 bytes).
    Removing stm32f10x_sdio.o(i.SDIO_StopSDIOReadWait), (12 bytes).
    Removing stm32f10x_sdio.o(i.SDIO_StructInit), (16 bytes).
    Removing stm32f10x_sdio.o(i.SDIO_WriteData), (12 bytes).
    Removing stm32f10x_spi.o(i.I2S_Cmd), (24 bytes).
    Removing stm32f10x_spi.o(i.I2S_Init), (232 bytes).
    Removing stm32f10x_spi.o(i.I2S_StructInit), (20 bytes).
    Removing stm32f10x_spi.o(i.SPI_BiDirectionalLineConfig), (28 bytes).
    Removing stm32f10x_spi.o(i.SPI_CalculateCRC), (24 bytes).
    Removing stm32f10x_spi.o(i.SPI_Cmd), (24 bytes).
    Removing stm32f10x_spi.o(i.SPI_DataSizeConfig), (18 bytes).
    Removing stm32f10x_spi.o(i.SPI_GetCRC), (16 bytes).
    Removing stm32f10x_spi.o(i.SPI_GetCRCPolynomial), (6 bytes).
    Removing stm32f10x_spi.o(i.SPI_I2S_ClearFlag), (6 bytes).
    Removing stm32f10x_spi.o(i.SPI_I2S_ClearITPendingBit), (20 bytes).
    Removing stm32f10x_spi.o(i.SPI_I2S_DMACmd), (18 bytes).
    Removing stm32f10x_spi.o(i.SPI_I2S_DeInit), (88 bytes).
    Removing stm32f10x_spi.o(i.SPI_I2S_GetFlagStatus), (18 bytes).
    Removing stm32f10x_spi.o(i.SPI_I2S_GetITStatus), (52 bytes).
    Removing stm32f10x_spi.o(i.SPI_I2S_ITConfig), (32 bytes).
    Removing stm32f10x_spi.o(i.SPI_I2S_ReceiveData), (6 bytes).
    Removing stm32f10x_spi.o(i.SPI_I2S_SendData), (4 bytes).
    Removing stm32f10x_spi.o(i.SPI_Init), (60 bytes).
    Removing stm32f10x_spi.o(i.SPI_NSSInternalSoftwareConfig), (30 bytes).
    Removing stm32f10x_spi.o(i.SPI_SSOutputCmd), (24 bytes).
    Removing stm32f10x_spi.o(i.SPI_StructInit), (24 bytes).
    Removing stm32f10x_spi.o(i.SPI_TransmitCRC), (10 bytes).
    Removing stm32f10x_tim.o(i.TI1_Config), (128 bytes).
    Removing stm32f10x_tim.o(i.TI2_Config), (152 bytes).
    Removing stm32f10x_tim.o(i.TI3_Config), (144 bytes).
    Removing stm32f10x_tim.o(i.TI4_Config), (152 bytes).
    Removing stm32f10x_tim.o(i.TIM_ARRPreloadConfig), (24 bytes).
    Removing stm32f10x_tim.o(i.TIM_BDTRConfig), (32 bytes).
    Removing stm32f10x_tim.o(i.TIM_BDTRStructInit), (18 bytes).
    Removing stm32f10x_tim.o(i.TIM_CCPreloadControl), (24 bytes).
    Removing stm32f10x_tim.o(i.TIM_CCxCmd), (30 bytes).
    Removing stm32f10x_tim.o(i.TIM_CCxNCmd), (30 bytes).
    Removing stm32f10x_tim.o(i.TIM_ClearOC1Ref), (18 bytes).
    Removing stm32f10x_tim.o(i.TIM_ClearOC2Ref), (24 bytes).
    Removing stm32f10x_tim.o(i.TIM_ClearOC3Ref), (18 bytes).
    Removing stm32f10x_tim.o(i.TIM_ClearOC4Ref), (24 bytes).
    Removing stm32f10x_tim.o(i.TIM_CounterModeConfig), (18 bytes).
    Removing stm32f10x_tim.o(i.TIM_CtrlPWMOutputs), (30 bytes).
    Removing stm32f10x_tim.o(i.TIM_DMACmd), (18 bytes).
    Removing stm32f10x_tim.o(i.TIM_DMAConfig), (10 bytes).
    Removing stm32f10x_tim.o(i.TIM_DeInit), (488 bytes).
    Removing stm32f10x_tim.o(i.TIM_ETRClockMode1Config), (54 bytes).
    Removing stm32f10x_tim.o(i.TIM_ETRClockMode2Config), (32 bytes).
    Removing stm32f10x_tim.o(i.TIM_ETRConfig), (28 bytes).
    Removing stm32f10x_tim.o(i.TIM_EncoderInterfaceConfig), (66 bytes).
    Removing stm32f10x_tim.o(i.TIM_ForcedOC1Config), (18 bytes).
    Removing stm32f10x_tim.o(i.TIM_ForcedOC2Config), (26 bytes).
    Removing stm32f10x_tim.o(i.TIM_ForcedOC3Config), (18 bytes).
    Removing stm32f10x_tim.o(i.TIM_ForcedOC4Config), (26 bytes).
    Removing stm32f10x_tim.o(i.TIM_GenerateEvent), (4 bytes).
    Removing stm32f10x_tim.o(i.TIM_GetCapture1), (6 bytes).
    Removing stm32f10x_tim.o(i.TIM_GetCapture2), (6 bytes).
    Removing stm32f10x_tim.o(i.TIM_GetCapture3), (6 bytes).
    Removing stm32f10x_tim.o(i.TIM_GetCapture4), (8 bytes).
    Removing stm32f10x_tim.o(i.TIM_GetCounter), (6 bytes).
    Removing stm32f10x_tim.o(i.TIM_GetFlagStatus), (18 bytes).
    Removing stm32f10x_tim.o(i.TIM_GetPrescaler), (6 bytes).
    Removing stm32f10x_tim.o(i.TIM_ICInit), (172 bytes).
    Removing stm32f10x_tim.o(i.TIM_ICStructInit), (18 bytes).
    Removing stm32f10x_tim.o(i.TIM_ITRxExternalClockConfig), (24 bytes).
    Removing stm32f10x_tim.o(i.TIM_InternalClockConfig), (12 bytes).
    Removing stm32f10x_tim.o(i.TIM_OC1FastConfig), (18 bytes).
    Removing stm32f10x_tim.o(i.TIM_OC1Init), (152 bytes).
    Removing stm32f10x_tim.o(i.TIM_OC1NPolarityConfig), (18 bytes).
    Removing stm32f10x_tim.o(i.TIM_OC1PolarityConfig), (18 bytes).
    Removing stm32f10x_tim.o(i.TIM_OC1PreloadConfig), (18 bytes).
    Removing stm32f10x_tim.o(i.TIM_OC2FastConfig), (26 bytes).
    Removing stm32f10x_tim.o(i.TIM_OC2Init), (164 bytes).
    Removing stm32f10x_tim.o(i.TIM_OC2NPolarityConfig), (26 bytes).
    Removing stm32f10x_tim.o(i.TIM_OC2PolarityConfig), (26 bytes).
    Removing stm32f10x_tim.o(i.TIM_OC2PreloadConfig), (26 bytes).
    Removing stm32f10x_tim.o(i.TIM_OC3FastConfig), (18 bytes).
    Removing stm32f10x_tim.o(i.TIM_OC3Init), (160 bytes).
    Removing stm32f10x_tim.o(i.TIM_OC3NPolarityConfig), (26 bytes).
    Removing stm32f10x_tim.o(i.TIM_OC3PolarityConfig), (26 bytes).
    Removing stm32f10x_tim.o(i.TIM_OC3PreloadConfig), (18 bytes).
    Removing stm32f10x_tim.o(i.TIM_OC4FastConfig), (26 bytes).
    Removing stm32f10x_tim.o(i.TIM_OC4Init), (124 bytes).
    Removing stm32f10x_tim.o(i.TIM_OC4PolarityConfig), (26 bytes).
    Removing stm32f10x_tim.o(i.TIM_OC4PreloadConfig), (26 bytes).
    Removing stm32f10x_tim.o(i.TIM_OCStructInit), (20 bytes).
    Removing stm32f10x_tim.o(i.TIM_PWMIConfig), (124 bytes).
    Removing stm32f10x_tim.o(i.TIM_PrescalerConfig), (6 bytes).
    Removing stm32f10x_tim.o(i.TIM_SelectCCDMA), (24 bytes).
    Removing stm32f10x_tim.o(i.TIM_SelectCOM), (24 bytes).
    Removing stm32f10x_tim.o(i.TIM_SelectHallSensor), (24 bytes).
    Removing stm32f10x_tim.o(i.TIM_SelectInputTrigger), (18 bytes).
    Removing stm32f10x_tim.o(i.TIM_SelectMasterSlaveMode), (18 bytes).
    Removing stm32f10x_tim.o(i.TIM_SelectOCxM), (82 bytes).
    Removing stm32f10x_tim.o(i.TIM_SelectOnePulseMode), (18 bytes).
    Removing stm32f10x_tim.o(i.TIM_SelectOutputTrigger), (18 bytes).
    Removing stm32f10x_tim.o(i.TIM_SelectSlaveMode), (18 bytes).
    Removing stm32f10x_tim.o(i.TIM_SetAutoreload), (4 bytes).
    Removing stm32f10x_tim.o(i.TIM_SetClockDivision), (18 bytes).
    Removing stm32f10x_tim.o(i.TIM_SetCompare1), (4 bytes).
    Removing stm32f10x_tim.o(i.TIM_SetCompare2), (4 bytes).
    Removing stm32f10x_tim.o(i.TIM_SetCompare3), (4 bytes).
    Removing stm32f10x_tim.o(i.TIM_SetCompare4), (6 bytes).
    Removing stm32f10x_tim.o(i.TIM_SetCounter), (4 bytes).
    Removing stm32f10x_tim.o(i.TIM_SetIC1Prescaler), (18 bytes).
    Removing stm32f10x_tim.o(i.TIM_SetIC2Prescaler), (26 bytes).
    Removing stm32f10x_tim.o(i.TIM_SetIC3Prescaler), (18 bytes).
    Removing stm32f10x_tim.o(i.TIM_SetIC4Prescaler), (26 bytes).
    Removing stm32f10x_tim.o(i.TIM_TIxExternalClockConfig), (62 bytes).
    Removing stm32f10x_tim.o(i.TIM_TimeBaseStructInit), (18 bytes).
    Removing stm32f10x_tim.o(i.TIM_UpdateDisableConfig), (24 bytes).
    Removing stm32f10x_tim.o(i.TIM_UpdateRequestConfig), (24 bytes).
    Removing stm32f10x_usart.o(i.USART_ClearITPendingBit), (30 bytes).
    Removing stm32f10x_usart.o(i.USART_ClockInit), (34 bytes).
    Removing stm32f10x_usart.o(i.USART_ClockStructInit), (12 bytes).
    Removing stm32f10x_usart.o(i.USART_DeInit), (156 bytes).
    Removing stm32f10x_usart.o(i.USART_HalfDuplexCmd), (24 bytes).
    Removing stm32f10x_usart.o(i.USART_IrDACmd), (24 bytes).
    Removing stm32f10x_usart.o(i.USART_IrDAConfig), (18 bytes).
    Removing stm32f10x_usart.o(i.USART_LINBreakDetectLengthConfig), (18 bytes).
    Removing stm32f10x_usart.o(i.USART_LINCmd), (24 bytes).
    Removing stm32f10x_usart.o(i.USART_OneBitMethodCmd), (24 bytes).
    Removing stm32f10x_usart.o(i.USART_OverSampling8Cmd), (22 bytes).
    Removing stm32f10x_usart.o(i.USART_ReceiverWakeUpCmd), (24 bytes).
    Removing stm32f10x_usart.o(i.USART_SendBreak), (10 bytes).
    Removing stm32f10x_usart.o(i.USART_SetAddress), (18 bytes).
    Removing stm32f10x_usart.o(i.USART_SetGuardTime), (16 bytes).
    Removing stm32f10x_usart.o(i.USART_SetPrescaler), (16 bytes).
    Removing stm32f10x_usart.o(i.USART_SmartCardCmd), (24 bytes).
    Removing stm32f10x_usart.o(i.USART_SmartCardNACKCmd), (24 bytes).
    Removing stm32f10x_usart.o(i.USART_StructInit), (24 bytes).
    Removing stm32f10x_usart.o(i.USART_WakeUpConfig), (18 bytes).
    Removing stm32f10x_wwdg.o(i.WWDG_ClearFlag), (12 bytes).
    Removing stm32f10x_wwdg.o(i.WWDG_DeInit), (22 bytes).
    Removing stm32f10x_wwdg.o(i.WWDG_Enable), (16 bytes).
    Removing stm32f10x_wwdg.o(i.WWDG_EnableIT), (12 bytes).
    Removing stm32f10x_wwdg.o(i.WWDG_GetFlagStatus), (12 bytes).
    Removing stm32f10x_wwdg.o(i.WWDG_SetCounter), (16 bytes).
    Removing stm32f10x_wwdg.o(i.WWDG_SetPrescaler), (24 bytes).
    Removing stm32f10x_wwdg.o(i.WWDG_SetWindowValue), (40 bytes).

480 unused section(s) (total 24619 bytes) removed from the image.

==============================================================================

Image Symbol Table

    Local Symbols

    Symbol Name                              Value     Ov Type        Size  Object(Section)

    ../clib/../cmprslib/zerorunl2.c          0x00000000   Number         0  __dczerorl2.o ABSOLUTE
    ../clib/microlib/init/entry.s            0x00000000   Number         0  entry9a.o ABSOLUTE
    ../clib/microlib/init/entry.s            0x00000000   Number         0  entry11a.o ABSOLUTE
    ../clib/microlib/init/entry.s            0x00000000   Number         0  entry10b.o ABSOLUTE
    ../clib/microlib/init/entry.s            0x00000000   Number         0  entry10a.o ABSOLUTE
    ../clib/microlib/init/entry.s            0x00000000   Number         0  entry9b.o ABSOLUTE
    ../clib/microlib/init/entry.s            0x00000000   Number         0  entry7a.o ABSOLUTE
    ../clib/microlib/init/entry.s            0x00000000   Number         0  entry8a.o ABSOLUTE
    ../clib/microlib/init/entry.s            0x00000000   Number         0  entry2.o ABSOLUTE
    ../clib/microlib/init/entry.s            0x00000000   Number         0  entry.o ABSOLUTE
    ../clib/microlib/init/entry.s            0x00000000   Number         0  entry7b.o ABSOLUTE
    ../clib/microlib/init/entry.s            0x00000000   Number         0  entry8b.o ABSOLUTE
    ../clib/microlib/init/entry.s            0x00000000   Number         0  entry11b.o ABSOLUTE
    ../clib/microlib/init/entry.s            0x00000000   Number         0  entry5.o ABSOLUTE
    ../clib/microlib/longlong.c              0x00000000   Number         0  llshl.o ABSOLUTE
    ../clib/microlib/longlong.c              0x00000000   Number         0  llushr.o ABSOLUTE
    ../clib/microlib/string/memcpy.c         0x00000000   Number         0  memcpyb.o ABSOLUTE
    ../clib/microlib/string/memcpy.c         0x00000000   Number         0  memcpya.o ABSOLUTE
    ../clib/microlib/stubs.s                 0x00000000   Number         0  iusefp.o ABSOLUTE
    ../fplib/microlib/f2d.c                  0x00000000   Number         0  f2d.o ABSOLUTE
    ../fplib/microlib/fpepilogue.c           0x00000000   Number         0  depilogue.o ABSOLUTE
    ../fplib/microlib/fpepilogue.c           0x00000000   Number         0  fepilogue.o ABSOLUTE
    ../fplib/microlib/fpfix.c                0x00000000   Number         0  dfixui.o ABSOLUTE
    ../fplib/microlib/fpflt.c                0x00000000   Number         0  fflti.o ABSOLUTE
    ../fplib/microlib/fpmul.c                0x00000000   Number         0  dmul.o ABSOLUTE
    ..\CORE\core_cm3.c                       0x00000000   Number         0  core_cm3.o ABSOLUTE
    ..\CORE\startup_stm32f10x_hd.s           0x00000000   Number         0  startup_stm32f10x_hd.o ABSOLUTE
    ..\FWLIB\src\misc.c                      0x00000000   Number         0  misc.o ABSOLUTE
    ..\FWLIB\src\stm32f10x_adc.c             0x00000000   Number         0  stm32f10x_adc.o ABSOLUTE
    ..\FWLIB\src\stm32f10x_bkp.c             0x00000000   Number         0  stm32f10x_bkp.o ABSOLUTE
    ..\FWLIB\src\stm32f10x_can.c             0x00000000   Number         0  stm32f10x_can.o ABSOLUTE
    ..\FWLIB\src\stm32f10x_cec.c             0x00000000   Number         0  stm32f10x_cec.o ABSOLUTE
    ..\FWLIB\src\stm32f10x_crc.c             0x00000000   Number         0  stm32f10x_crc.o ABSOLUTE
    ..\FWLIB\src\stm32f10x_dac.c             0x00000000   Number         0  stm32f10x_dac.o ABSOLUTE
    ..\FWLIB\src\stm32f10x_dbgmcu.c          0x00000000   Number         0  stm32f10x_dbgmcu.o ABSOLUTE
    ..\FWLIB\src\stm32f10x_dma.c             0x00000000   Number         0  stm32f10x_dma.o ABSOLUTE
    ..\FWLIB\src\stm32f10x_exti.c            0x00000000   Number         0  stm32f10x_exti.o ABSOLUTE
    ..\FWLIB\src\stm32f10x_flash.c           0x00000000   Number         0  stm32f10x_flash.o ABSOLUTE
    ..\FWLIB\src\stm32f10x_fsmc.c            0x00000000   Number         0  stm32f10x_fsmc.o ABSOLUTE
    ..\FWLIB\src\stm32f10x_gpio.c            0x00000000   Number         0  stm32f10x_gpio.o ABSOLUTE
    ..\FWLIB\src\stm32f10x_i2c.c             0x00000000   Number         0  stm32f10x_i2c.o ABSOLUTE
    ..\FWLIB\src\stm32f10x_iwdg.c            0x00000000   Number         0  stm32f10x_iwdg.o ABSOLUTE
    ..\FWLIB\src\stm32f10x_pwr.c             0x00000000   Number         0  stm32f10x_pwr.o ABSOLUTE
    ..\FWLIB\src\stm32f10x_rcc.c             0x00000000   Number         0  stm32f10x_rcc.o ABSOLUTE
    ..\FWLIB\src\stm32f10x_rtc.c             0x00000000   Number         0  stm32f10x_rtc.o ABSOLUTE
    ..\FWLIB\src\stm32f10x_sdio.c            0x00000000   Number         0  stm32f10x_sdio.o ABSOLUTE
    ..\FWLIB\src\stm32f10x_spi.c             0x00000000   Number         0  stm32f10x_spi.o ABSOLUTE
    ..\FWLIB\src\stm32f10x_tim.c             0x00000000   Number         0  stm32f10x_tim.o ABSOLUTE
    ..\FWLIB\src\stm32f10x_usart.c           0x00000000   Number         0  stm32f10x_usart.o ABSOLUTE
    ..\FWLIB\src\stm32f10x_wwdg.c            0x00000000   Number         0  stm32f10x_wwdg.o ABSOLUTE
    ..\HARDWARE\dht11.c                      0x00000000   Number         0  dht11.o ABSOLUTE
    ..\HARDWARE\dma.c                        0x00000000   Number         0  dma.o ABSOLUTE
    ..\HARDWARE\ds18b20.c                    0x00000000   Number         0  ds18b20.o ABSOLUTE
    ..\HARDWARE\key.c                        0x00000000   Number         0  key.o ABSOLUTE
    ..\HARDWARE\led.c                        0x00000000   Number         0  led.o ABSOLUTE
    ..\HARDWARE\oled_drv.c                   0x00000000   Number         0  oled_drv.o ABSOLUTE
    ..\SYSTEM\delay\delay.c                  0x00000000   Number         0  delay.o ABSOLUTE
    ..\SYSTEM\sys\sys.c                      0x00000000   Number         0  sys.o ABSOLUTE
    ..\SYSTEM\sys\time_base.c                0x00000000   Number         0  time_base.o ABSOLUTE
    ..\SYSTEM\usart\usart.c                  0x00000000   Number         0  usart.o ABSOLUTE
    ..\\CORE\\core_cm3.c                     0x00000000   Number         0  core_cm3.o ABSOLUTE
    dc.s                                     0x00000000   Number         0  dc.o ABSOLUTE
    handlers.s                               0x00000000   Number         0  handlers.o ABSOLUTE
    init.s                                   0x00000000   Number         0  init.o ABSOLUTE
    main.c                                   0x00000000   Number         0  main.o ABSOLUTE
    socket.c                                 0x00000000   Number         0  socket.o ABSOLUTE
    system_stm32f10x.c                       0x00000000   Number         0  system_stm32f10x.o ABSOLUTE
    RESET                                    0x08000000   Section      304  startup_stm32f10x_hd.o(RESET)
    .ARM.Collect$$$$00000000                 0x08000130   Section        0  entry.o(.ARM.Collect$$$$00000000)
    .ARM.Collect$$$$00000001                 0x08000130   Section        4  entry2.o(.ARM.Collect$$$$00000001)
    .ARM.Collect$$$$00000004                 0x08000134   Section        4  entry5.o(.ARM.Collect$$$$00000004)
    .ARM.Collect$$$$00000008                 0x08000138   Section        0  entry7b.o(.ARM.Collect$$$$00000008)
    .ARM.Collect$$$$0000000A                 0x08000138   Section        0  entry8b.o(.ARM.Collect$$$$0000000A)
    .ARM.Collect$$$$0000000B                 0x08000138   Section        8  entry9a.o(.ARM.Collect$$$$0000000B)
    .ARM.Collect$$$$0000000D                 0x08000140   Section        0  entry10a.o(.ARM.Collect$$$$0000000D)
    .ARM.Collect$$$$0000000F                 0x08000140   Section        0  entry11a.o(.ARM.Collect$$$$0000000F)
    .ARM.Collect$$$$00002712                 0x08000140   Section        4  entry2.o(.ARM.Collect$$$$00002712)
    __lit__00000000                          0x08000140   Data           4  entry2.o(.ARM.Collect$$$$00002712)
    .text                                    0x08000144   Section       36  startup_stm32f10x_hd.o(.text)
    .text                                    0x08000168   Section        0  memcpya.o(.text)
    .text                                    0x0800018c   Section        0  dmul.o(.text)
    .text                                    0x08000270   Section        0  fflti.o(.text)
    .text                                    0x08000282   Section        0  dfixui.o(.text)
    .text                                    0x080002b4   Section        0  f2d.o(.text)
    .text                                    0x080002da   Section        0  llushr.o(.text)
    .text                                    0x080002fa   Section        0  fepilogue.o(.text)
    .text                                    0x080002fa   Section        0  iusefp.o(.text)
    .text                                    0x08000368   Section        0  depilogue.o(.text)
    .text                                    0x08000424   Section       36  init.o(.text)
    .text                                    0x08000448   Section        0  llshl.o(.text)
    .text                                    0x08000466   Section        0  __dczerorl2.o(.text)
    i.Cal_Line_Remain                        0x080004bc   Section        0  oled_drv.o(i.Cal_Line_Remain)
    i.Cal_Recv_Len                           0x080004d6   Section        0  oled_drv.o(i.Cal_Recv_Len)
    i.Cal_Screen_Axis                        0x080004e8   Section        0  oled_drv.o(i.Cal_Screen_Axis)
    i.Copy_To_Buffer                         0x08000500   Section        0  main.o(i.Copy_To_Buffer)
    i.DHT11_Check                            0x08000588   Section        0  dht11.o(i.DHT11_Check)
    i.DHT11_IO_In                            0x080005e4   Section        0  dht11.o(i.DHT11_IO_In)
    i.DHT11_IO_Out                           0x0800060c   Section        0  dht11.o(i.DHT11_IO_Out)
    i.DHT11_Init                             0x08000638   Section        0  dht11.o(i.DHT11_Init)
    i.DHT11_Read_Bit                         0x08000650   Section        0  dht11.o(i.DHT11_Read_Bit)
    i.DHT11_Read_Byte                        0x080006ac   Section        0  dht11.o(i.DHT11_Read_Byte)
    i.DHT11_Read_Data                        0x080006cc   Section        0  dht11.o(i.DHT11_Read_Data)
    i.DHT11_Rst                              0x080007e0   Section        0  dht11.o(i.DHT11_Rst)
    i.DHTH__Buffer_Updata                    0x08000810   Section        0  dht11.o(i.DHTH__Buffer_Updata)
    i.DHTT__Buffer_Updata                    0x08000870   Section        0  dht11.o(i.DHTT__Buffer_Updata)
    i.DHT_Get_Data                           0x080008d0   Section        0  socket.o(i.DHT_Get_Data)
    i.DHT_Share_Data_Demo                    0x08000950   Section        0  socket.o(i.DHT_Share_Data_Demo)
    i.DMA1_Channel6_IRQHandler               0x080009f0   Section        0  dma.o(i.DMA1_Channel6_IRQHandler)
    i.DMA1_Channel7_IRQHandler               0x08000a68   Section        0  dma.o(i.DMA1_Channel7_IRQHandler)
    i.DMA1_Start_Send                        0x08000a80   Section        0  dma.o(i.DMA1_Start_Send)
    i.DMA_ClearFlag                          0x08000ab4   Section        0  stm32f10x_dma.o(i.DMA_ClearFlag)
    i.DMA_ClearITPendingBit                  0x08000ad0   Section        0  stm32f10x_dma.o(i.DMA_ClearITPendingBit)
    i.DMA_Cmd                                0x08000aec   Section        0  stm32f10x_dma.o(i.DMA_Cmd)
    i.DMA_DeInit                             0x08000b04   Section        0  stm32f10x_dma.o(i.DMA_DeInit)
    i.DMA_GetCurrDataCounter                 0x08000c50   Section        0  stm32f10x_dma.o(i.DMA_GetCurrDataCounter)
    i.DMA_GetITStatus                        0x08000c58   Section        0  stm32f10x_dma.o(i.DMA_GetITStatus)
    i.DMA_ITConfig                           0x08000c84   Section        0  stm32f10x_dma.o(i.DMA_ITConfig)
    i.DMA_Init                               0x08000c96   Section        0  stm32f10x_dma.o(i.DMA_Init)
    i.DMA_SetCurrDataCounter                 0x08000cd2   Section        0  stm32f10x_dma.o(i.DMA_SetCurrDataCounter)
    i.DQ1820_IN                              0x08000cd8   Section        0  ds18b20.o(i.DQ1820_IN)
    i.DQ1820_OUT                             0x08000cfc   Section        0  ds18b20.o(i.DQ1820_OUT)
    i.DS18B20_Check                          0x08000d20   Section        0  ds18b20.o(i.DS18B20_Check)
    i.DS18B20_Get_Data                       0x08000d70   Section        0  socket.o(i.DS18B20_Get_Data)
    i.DS18B20_Get_Temp                       0x08000db8   Section        0  ds18b20.o(i.DS18B20_Get_Temp)
    i.DS18B20_Init                           0x08000efc   Section        0  ds18b20.o(i.DS18B20_Init)
    i.DS18B20_Read_Bit                       0x08000f38   Section        0  ds18b20.o(i.DS18B20_Read_Bit)
    i.DS18B20_Read_Byte                      0x08000f7c   Section        0  ds18b20.o(i.DS18B20_Read_Byte)
    i.DS18B20_Rst                            0x08000fa0   Section        0  ds18b20.o(i.DS18B20_Rst)
    i.DS18B20_Share_Data_Demo                0x08000fd8   Section        0  socket.o(i.DS18B20_Share_Data_Demo)
    i.DS18B20_Write_Byte                     0x08001074   Section        0  ds18b20.o(i.DS18B20_Write_Byte)
    i.DS18B20__Buffer_Updata                 0x080010d0   Section        0  ds18b20.o(i.DS18B20__Buffer_Updata)
    i.Data_Packing                           0x08001130   Section        0  socket.o(i.Data_Packing)
    i.Delay_Init                             0x080011c8   Section        0  delay.o(i.Delay_Init)
    i.Delay_ms                               0x08001210   Section        0  delay.o(i.Delay_ms)
    i.Delay_us                               0x0800124c   Section        0  delay.o(i.Delay_us)
    i.Dev_Setup                              0x08001288   Section        0  main.o(i.Dev_Setup)
    i.GPIO_Init                              0x0800134c   Section        0  stm32f10x_gpio.o(i.GPIO_Init)
    i.GPIO_ReadInputDataBit                  0x08001462   Section        0  stm32f10x_gpio.o(i.GPIO_ReadInputDataBit)
    i.GPIO_SetBits                           0x08001474   Section        0  stm32f10x_gpio.o(i.GPIO_SetBits)
    i.GPIO_Write                             0x08001478   Section        0  stm32f10x_gpio.o(i.GPIO_Write)
    i.GPIO_WriteBit                          0x0800147c   Section        0  stm32f10x_gpio.o(i.GPIO_WriteBit)
    i.Int_To_Str                             0x08001486   Section        0  main.o(i.Int_To_Str)
    i.KEY_Scan                               0x08001540   Section        0  key.o(i.KEY_Scan)
    i.Key_Init                               0x080015c0   Section        0  key.o(i.Key_Init)
    i.LED_Init                               0x080015fc   Section        0  led.o(i.LED_Init)
    i.MYDMA_Config                           0x08001634   Section        0  dma.o(i.MYDMA_Config)
    i.MYDMA_Enable                           0x080016b4   Section        0  dma.o(i.MYDMA_Enable)
    i.MemCopy                                0x080016d4   Section        0  main.o(i.MemCopy)
    i.NVIC_Init                              0x080016e8   Section        0  misc.o(i.NVIC_Init)
    i.NVIC_PriorityGroupConfig               0x08001758   Section        0  misc.o(i.NVIC_PriorityGroupConfig)
    i.NumToChar                              0x0800176c   Section        0  oled_drv.o(i.NumToChar)
    i.OLED_Clear                             0x080017a0   Section        0  oled_drv.o(i.OLED_Clear)
    i.OLED_Hinit                             0x080017e0   Section        0  oled_drv.o(i.OLED_Hinit)
    i.OLED_SInit                             0x0800180c   Section        0  oled_drv.o(i.OLED_SInit)
    i.OLED_Screen_Show                       0x08001934   Section        0  oled_drv.o(i.OLED_Screen_Show)
    i.OLED_Set_Pos                           0x08001a00   Section        0  oled_drv.o(i.OLED_Set_Pos)
    i.OLED_ShowChar_6x8_Pos                  0x08001a2c   Section        0  oled_drv.o(i.OLED_ShowChar_6x8_Pos)
    i.OLED_ShowStr_6x8                       0x08001a80   Section        0  oled_drv.o(i.OLED_ShowStr_6x8)
    i.OLED_WR_Byte                           0x08001ab8   Section        0  oled_drv.o(i.OLED_WR_Byte)
    i.RCC_AHBPeriphClockCmd                  0x08001b44   Section        0  stm32f10x_rcc.o(i.RCC_AHBPeriphClockCmd)
    i.RCC_APB1PeriphClockCmd                 0x08001b64   Section        0  stm32f10x_rcc.o(i.RCC_APB1PeriphClockCmd)
    i.RCC_APB2PeriphClockCmd                 0x08001b84   Section        0  stm32f10x_rcc.o(i.RCC_APB2PeriphClockCmd)
    i.RCC_GetClocksFreq                      0x08001ba4   Section        0  stm32f10x_rcc.o(i.RCC_GetClocksFreq)
    i.Send_Wrapper                           0x08001c78   Section        0  main.o(i.Send_Wrapper)
    i.SetSysClock                            0x08001cc0   Section        0  system_stm32f10x.o(i.SetSysClock)
    SetSysClock                              0x08001cc1   Thumb Code     8  system_stm32f10x.o(i.SetSysClock)
    i.SetSysClockTo72                        0x08001cc8   Section        0  system_stm32f10x.o(i.SetSysClockTo72)
    SetSysClockTo72                          0x08001cc9   Thumb Code   214  system_stm32f10x.o(i.SetSysClockTo72)
    i.Size_Of_Str                            0x08001da8   Section        0  main.o(i.Size_Of_Str)
    i.Socket_Create_TCPClient                0x08001db8   Section        0  socket.o(i.Socket_Create_TCPClient)
    i.Socket_Format_Send                     0x08001e04   Section        0  socket.o(i.Socket_Format_Send)
    i.Socket_Send                            0x08001e68   Section        0  socket.o(i.Socket_Send)
    i.Str_Splice                             0x08001ecc   Section        0  main.o(i.Str_Splice)
    i.SystemInit                             0x08001ef0   Section        0  system_stm32f10x.o(i.SystemInit)
    i.TIM3_IRQHandler                        0x08001f50   Section        0  time_base.o(i.TIM3_IRQHandler)
    i.TIM3_Int_Init                          0x08002084   Section        0  time_base.o(i.TIM3_Int_Init)
    i.TIM_ClearFlag                          0x080020ec   Section        0  stm32f10x_tim.o(i.TIM_ClearFlag)
    i.TIM_ClearITPendingBit                  0x080020f2   Section        0  stm32f10x_tim.o(i.TIM_ClearITPendingBit)
    i.TIM_Cmd                                0x080020f8   Section        0  stm32f10x_tim.o(i.TIM_Cmd)
    i.TIM_GetITStatus                        0x08002110   Section        0  stm32f10x_tim.o(i.TIM_GetITStatus)
    i.TIM_ITConfig                           0x08002132   Section        0  stm32f10x_tim.o(i.TIM_ITConfig)
    i.TIM_TimeBaseInit                       0x08002144   Section        0  stm32f10x_tim.o(i.TIM_TimeBaseInit)
    i.USART1_IRQHandler                      0x080021e8   Section        0  usart.o(i.USART1_IRQHandler)
    i.USART2_Configure                       0x0800221c   Section        0  usart.o(i.USART2_Configure)
    i.USART2_IRQHandler                      0x080022dc   Section        0  usart.o(i.USART2_IRQHandler)
    i.USART_ClearFlag                        0x08002370   Section        0  stm32f10x_usart.o(i.USART_ClearFlag)
    i.USART_Cmd                              0x08002382   Section        0  stm32f10x_usart.o(i.USART_Cmd)
    i.USART_DMACmd                           0x0800239a   Section        0  stm32f10x_usart.o(i.USART_DMACmd)
    i.USART_GetFlagStatus                    0x080023ac   Section        0  stm32f10x_usart.o(i.USART_GetFlagStatus)
    i.USART_GetITStatus                      0x080023c6   Section        0  stm32f10x_usart.o(i.USART_GetITStatus)
    i.USART_ITConfig                         0x0800241a   Section        0  stm32f10x_usart.o(i.USART_ITConfig)
    i.USART_Init                             0x08002464   Section        0  stm32f10x_usart.o(i.USART_Init)
    i.USART_ReceiveData                      0x0800253c   Section        0  stm32f10x_usart.o(i.USART_ReceiveData)
    i.USART_SendData                         0x08002546   Section        0  stm32f10x_usart.o(i.USART_SendData)
    i.__scatterload_copy                     0x0800254e   Section       14  handlers.o(i.__scatterload_copy)
    i.__scatterload_null                     0x0800255c   Section        2  handlers.o(i.__scatterload_null)
    i.__scatterload_zeroinit                 0x0800255e   Section       14  handlers.o(i.__scatterload_zeroinit)
    i.main                                   0x0800256c   Section        0  main.o(i.main)
    .constdata                               0x08002738   Section      456  socket.o(.constdata)
    .constdata                               0x08002900   Section     2112  oled_drv.o(.constdata)
    .conststring                             0x08003140   Section       27  main.o(.conststring)
    .data                                    0x20000000   Section       20  system_stm32f10x.o(.data)
    .data                                    0x20000014   Section      176  main.o(.data)
    .data                                    0x200000c4   Section      116  socket.o(.data)
    step                                     0x20000133   Data           1  socket.o(.data)
    step                                     0x20000134   Data           1  socket.o(.data)
    step                                     0x20000135   Data           1  socket.o(.data)
    step                                     0x20000136   Data           1  socket.o(.data)
    step                                     0x20000137   Data           1  socket.o(.data)
    .data                                    0x20000138   Section        4  delay.o(.data)
    fas_us                                   0x20000138   Data           1  delay.o(.data)
    fas_ms                                   0x2000013a   Data           2  delay.o(.data)
    .data                                    0x2000013c   Section       13  time_base.o(.data)
    .data                                    0x2000014a   Section        3  dma.o(.data)
    .data                                    0x2000014d   Section       20  dht11.o(.data)
    step                                     0x20000160   Data           1  dht11.o(.data)
    .data                                    0x20000164   Section       17  ds18b20.o(.data)
    TL                                       0x20000172   Data           1  ds18b20.o(.data)
    TH                                       0x20000173   Data           1  ds18b20.o(.data)
    step                                     0x20000174   Data           1  ds18b20.o(.data)
    .data                                    0x20000175   Section       20  stm32f10x_rcc.o(.data)
    APBAHBPrescTable                         0x20000175   Data          16  stm32f10x_rcc.o(.data)
    ADCPrescTable                            0x20000185   Data           4  stm32f10x_rcc.o(.data)
    .bss                                     0x2000018c   Section     3328  main.o(.bss)
    .bss                                     0x20000e8c   Section       60  socket.o(.bss)
    .bss                                     0x20000ec8   Section     1364  oled_drv.o(.bss)
    STACK                                    0x20001420   Section     1024  startup_stm32f10x_hd.o(STACK)

    Global Symbols

    Symbol Name                              Value     Ov Type        Size  Object(Section)

    BuildAttributes$$THM_ISAv4$P$D$K$B$S$PE$A:L22UL41UL21$X:L11$S22US41US21$IEEE1$IW$USESV6$~STKCKD$USESV7$~SHL$OTIME$ROPI$EBA8$MICROLIB$REQ8$PRES8$EABIv2 0x00000000   Number         0  anon$$obj.o ABSOLUTE
    __ARM_use_no_argv                        0x00000000   Number         0  main.o ABSOLUTE
    __cpp_initialize__aeabi_                  - Undefined Weak Reference
    __cxa_finalize                            - Undefined Weak Reference
    _clock_init                               - Undefined Weak Reference
    _microlib_exit                            - Undefined Weak Reference
    __Vectors_Size                           0x00000130   Number         0  startup_stm32f10x_hd.o ABSOLUTE
    __Vectors                                0x08000000   Data           4  startup_stm32f10x_hd.o(RESET)
    __Vectors_End                            0x08000130   Data           0  startup_stm32f10x_hd.o(RESET)
    __main                                   0x08000131   Thumb Code     0  entry.o(.ARM.Collect$$$$00000000)
    _main_stk                                0x08000131   Thumb Code     0  entry2.o(.ARM.Collect$$$$00000001)
    _main_scatterload                        0x08000135   Thumb Code     0  entry5.o(.ARM.Collect$$$$00000004)
    __main_after_scatterload                 0x08000139   Thumb Code     0  entry5.o(.ARM.Collect$$$$00000004)
    _main_clock                              0x08000139   Thumb Code     0  entry7b.o(.ARM.Collect$$$$00000008)
    _main_cpp_init                           0x08000139   Thumb Code     0  entry8b.o(.ARM.Collect$$$$0000000A)
    _main_init                               0x08000139   Thumb Code     0  entry9a.o(.ARM.Collect$$$$0000000B)
    __rt_final_cpp                           0x08000141   Thumb Code     0  entry10a.o(.ARM.Collect$$$$0000000D)
    __rt_final_exit                          0x08000141   Thumb Code     0  entry11a.o(.ARM.Collect$$$$0000000F)
    Reset_Handler                            0x08000145   Thumb Code     8  startup_stm32f10x_hd.o(.text)
    NMI_Handler                              0x0800014d   Thumb Code     2  startup_stm32f10x_hd.o(.text)
    HardFault_Handler                        0x0800014f   Thumb Code     2  startup_stm32f10x_hd.o(.text)
    MemManage_Handler                        0x08000151   Thumb Code     2  startup_stm32f10x_hd.o(.text)
    BusFault_Handler                         0x08000153   Thumb Code     2  startup_stm32f10x_hd.o(.text)
    UsageFault_Handler                       0x08000155   Thumb Code     2  startup_stm32f10x_hd.o(.text)
    SVC_Handler                              0x08000157   Thumb Code     2  startup_stm32f10x_hd.o(.text)
    DebugMon_Handler                         0x08000159   Thumb Code     2  startup_stm32f10x_hd.o(.text)
    PendSV_Handler                           0x0800015b   Thumb Code     2  startup_stm32f10x_hd.o(.text)
    SysTick_Handler                          0x0800015d   Thumb Code     2  startup_stm32f10x_hd.o(.text)
    ADC1_2_IRQHandler                        0x0800015f   Thumb Code     0  startup_stm32f10x_hd.o(.text)
    ADC3_IRQHandler                          0x0800015f   Thumb Code     0  startup_stm32f10x_hd.o(.text)
    CAN1_RX1_IRQHandler                      0x0800015f   Thumb Code     0  startup_stm32f10x_hd.o(.text)
    CAN1_SCE_IRQHandler                      0x0800015f   Thumb Code     0  startup_stm32f10x_hd.o(.text)
    DMA1_Channel1_IRQHandler                 0x0800015f   Thumb Code     0  startup_stm32f10x_hd.o(.text)
    DMA1_Channel2_IRQHandler                 0x0800015f   Thumb Code     0  startup_stm32f10x_hd.o(.text)
    DMA1_Channel3_IRQHandler                 0x0800015f   Thumb Code     0  startup_stm32f10x_hd.o(.text)
    DMA1_Channel4_IRQHandler                 0x0800015f   Thumb Code     0  startup_stm32f10x_hd.o(.text)
    DMA1_Channel5_IRQHandler                 0x0800015f   Thumb Code     0  startup_stm32f10x_hd.o(.text)
    DMA2_Channel1_IRQHandler                 0x0800015f   Thumb Code     0  startup_stm32f10x_hd.o(.text)
    DMA2_Channel2_IRQHandler                 0x0800015f   Thumb Code     0  startup_stm32f10x_hd.o(.text)
    DMA2_Channel3_IRQHandler                 0x0800015f   Thumb Code     0  startup_stm32f10x_hd.o(.text)
    DMA2_Channel4_5_IRQHandler               0x0800015f   Thumb Code     0  startup_stm32f10x_hd.o(.text)
    EXTI0_IRQHandler                         0x0800015f   Thumb Code     0  startup_stm32f10x_hd.o(.text)
    EXTI15_10_IRQHandler                     0x0800015f   Thumb Code     0  startup_stm32f10x_hd.o(.text)
    EXTI1_IRQHandler                         0x0800015f   Thumb Code     0  startup_stm32f10x_hd.o(.text)
    EXTI2_IRQHandler                         0x0800015f   Thumb Code     0  startup_stm32f10x_hd.o(.text)
    EXTI3_IRQHandler                         0x0800015f   Thumb Code     0  startup_stm32f10x_hd.o(.text)
    EXTI4_IRQHandler                         0x0800015f   Thumb Code     0  startup_stm32f10x_hd.o(.text)
    EXTI9_5_IRQHandler                       0x0800015f   Thumb Code     0  startup_stm32f10x_hd.o(.text)
    FLASH_IRQHandler                         0x0800015f   Thumb Code     0  startup_stm32f10x_hd.o(.text)
    FSMC_IRQHandler                          0x0800015f   Thumb Code     0  startup_stm32f10x_hd.o(.text)
    I2C1_ER_IRQHandler                       0x0800015f   Thumb Code     0  startup_stm32f10x_hd.o(.text)
    I2C1_EV_IRQHandler                       0x0800015f   Thumb Code     0  startup_stm32f10x_hd.o(.text)
    I2C2_ER_IRQHandler                       0x0800015f   Thumb Code     0  startup_stm32f10x_hd.o(.text)
    I2C2_EV_IRQHandler                       0x0800015f   Thumb Code     0  startup_stm32f10x_hd.o(.text)
    PVD_IRQHandler                           0x0800015f   Thumb Code     0  startup_stm32f10x_hd.o(.text)
    RCC_IRQHandler                           0x0800015f   Thumb Code     0  startup_stm32f10x_hd.o(.text)
    RTCAlarm_IRQHandler                      0x0800015f   Thumb Code     0  startup_stm32f10x_hd.o(.text)
    RTC_IRQHandler                           0x0800015f   Thumb Code     0  startup_stm32f10x_hd.o(.text)
    SDIO_IRQHandler                          0x0800015f   Thumb Code     0  startup_stm32f10x_hd.o(.text)
    SPI1_IRQHandler                          0x0800015f   Thumb Code     0  startup_stm32f10x_hd.o(.text)
    SPI2_IRQHandler                          0x0800015f   Thumb Code     0  startup_stm32f10x_hd.o(.text)
    SPI3_IRQHandler                          0x0800015f   Thumb Code     0  startup_stm32f10x_hd.o(.text)
    TAMPER_IRQHandler                        0x0800015f   Thumb Code     0  startup_stm32f10x_hd.o(.text)
    TIM1_BRK_IRQHandler                      0x0800015f   Thumb Code     0  startup_stm32f10x_hd.o(.text)
    TIM1_CC_IRQHandler                       0x0800015f   Thumb Code     0  startup_stm32f10x_hd.o(.text)
    TIM1_TRG_COM_IRQHandler                  0x0800015f   Thumb Code     0  startup_stm32f10x_hd.o(.text)
    TIM1_UP_IRQHandler                       0x0800015f   Thumb Code     0  startup_stm32f10x_hd.o(.text)
    TIM2_IRQHandler                          0x0800015f   Thumb Code     0  startup_stm32f10x_hd.o(.text)
    TIM4_IRQHandler                          0x0800015f   Thumb Code     0  startup_stm32f10x_hd.o(.text)
    TIM5_IRQHandler                          0x0800015f   Thumb Code     0  startup_stm32f10x_hd.o(.text)
    TIM6_IRQHandler                          0x0800015f   Thumb Code     0  startup_stm32f10x_hd.o(.text)
    TIM7_IRQHandler                          0x0800015f   Thumb Code     0  startup_stm32f10x_hd.o(.text)
    TIM8_BRK_IRQHandler                      0x0800015f   Thumb Code     0  startup_stm32f10x_hd.o(.text)
    TIM8_CC_IRQHandler                       0x0800015f   Thumb Code     0  startup_stm32f10x_hd.o(.text)
    TIM8_TRG_COM_IRQHandler                  0x0800015f   Thumb Code     0  startup_stm32f10x_hd.o(.text)
    TIM8_UP_IRQHandler                       0x0800015f   Thumb Code     0  startup_stm32f10x_hd.o(.text)
    UART4_IRQHandler                         0x0800015f   Thumb Code     0  startup_stm32f10x_hd.o(.text)
    UART5_IRQHandler                         0x0800015f   Thumb Code     0  startup_stm32f10x_hd.o(.text)
    USART3_IRQHandler                        0x0800015f   Thumb Code     0  startup_stm32f10x_hd.o(.text)
    USBWakeUp_IRQHandler                     0x0800015f   Thumb Code     0  startup_stm32f10x_hd.o(.text)
    USB_HP_CAN1_TX_IRQHandler                0x0800015f   Thumb Code     0  startup_stm32f10x_hd.o(.text)
    USB_LP_CAN1_RX0_IRQHandler               0x0800015f   Thumb Code     0  startup_stm32f10x_hd.o(.text)
    WWDG_IRQHandler                          0x0800015f   Thumb Code     0  startup_stm32f10x_hd.o(.text)
    __aeabi_memcpy                           0x08000169   Thumb Code    36  memcpya.o(.text)
    __aeabi_memcpy4                          0x08000169   Thumb Code     0  memcpya.o(.text)
    __aeabi_memcpy8                          0x08000169   Thumb Code     0  memcpya.o(.text)
    __aeabi_dmul                             0x0800018d   Thumb Code   228  dmul.o(.text)
    __aeabi_i2f                              0x08000271   Thumb Code    18  fflti.o(.text)
    __aeabi_d2uiz                            0x08000283   Thumb Code    50  dfixui.o(.text)
    __aeabi_f2d                              0x080002b5   Thumb Code    38  f2d.o(.text)
    __aeabi_llsr                             0x080002db   Thumb Code    32  llushr.o(.text)
    _ll_ushift_r                             0x080002db   Thumb Code     0  llushr.o(.text)
    __I$use$fp                               0x080002fb   Thumb Code     0  iusefp.o(.text)
    _float_round                             0x080002fb   Thumb Code    18  fepilogue.o(.text)
    _float_epilogue                          0x0800030d   Thumb Code    92  fepilogue.o(.text)
    _double_round                            0x08000369   Thumb Code    30  depilogue.o(.text)
    _double_epilogue                         0x08000387   Thumb Code   156  depilogue.o(.text)
    __scatterload                            0x08000425   Thumb Code    28  init.o(.text)
    __scatterload_rt2                        0x08000425   Thumb Code     0  init.o(.text)
    __aeabi_llsl                             0x08000449   Thumb Code    30  llshl.o(.text)
    _ll_shift_l                              0x08000449   Thumb Code     0  llshl.o(.text)
    __decompress                             0x08000467   Thumb Code     0  __dczerorl2.o(.text)
    __decompress1                            0x08000467   Thumb Code    86  __dczerorl2.o(.text)
    Cal_Line_Remain                          0x080004bd   Thumb Code    26  oled_drv.o(i.Cal_Line_Remain)
    Cal_Recv_Len                             0x080004d7   Thumb Code    18  oled_drv.o(i.Cal_Recv_Len)
    Cal_Screen_Axis                          0x080004e9   Thumb Code    22  oled_drv.o(i.Cal_Screen_Axis)
    Copy_To_Buffer                           0x08000501   Thumb Code   126  main.o(i.Copy_To_Buffer)
    DHT11_Check                              0x08000589   Thumb Code    86  dht11.o(i.DHT11_Check)
    DHT11_IO_In                              0x080005e5   Thumb Code    34  dht11.o(i.DHT11_IO_In)
    DHT11_IO_Out                             0x0800060d   Thumb Code    40  dht11.o(i.DHT11_IO_Out)
    DHT11_Init                               0x08000639   Thumb Code    24  dht11.o(i.DHT11_Init)
    DHT11_Read_Bit                           0x08000651   Thumb Code    88  dht11.o(i.DHT11_Read_Bit)
    DHT11_Read_Byte                          0x080006ad   Thumb Code    30  dht11.o(i.DHT11_Read_Byte)
    DHT11_Read_Data                          0x080006cd   Thumb Code   254  dht11.o(i.DHT11_Read_Data)
    DHT11_Rst                                0x080007e1   Thumb Code    42  dht11.o(i.DHT11_Rst)
    DHTH__Buffer_Updata                      0x08000811   Thumb Code    86  dht11.o(i.DHTH__Buffer_Updata)
    DHTT__Buffer_Updata                      0x08000871   Thumb Code    86  dht11.o(i.DHTT__Buffer_Updata)
    DHT_Get_Data                             0x080008d1   Thumb Code   120  socket.o(i.DHT_Get_Data)
    DHT_Share_Data_Demo                      0x08000951   Thumb Code   138  socket.o(i.DHT_Share_Data_Demo)
    DMA1_Channel6_IRQHandler                 0x080009f1   Thumb Code   106  dma.o(i.DMA1_Channel6_IRQHandler)
    DMA1_Channel7_IRQHandler                 0x08000a69   Thumb Code    22  dma.o(i.DMA1_Channel7_IRQHandler)
    DMA1_Start_Send                          0x08000a81   Thumb Code    44  dma.o(i.DMA1_Start_Send)
    DMA_ClearFlag                            0x08000ab5   Thumb Code    18  stm32f10x_dma.o(i.DMA_ClearFlag)
    DMA_ClearITPendingBit                    0x08000ad1   Thumb Code    18  stm32f10x_dma.o(i.DMA_ClearITPendingBit)
    DMA_Cmd                                  0x08000aed   Thumb Code    24  stm32f10x_dma.o(i.DMA_Cmd)
    DMA_DeInit                               0x08000b05   Thumb Code   324  stm32f10x_dma.o(i.DMA_DeInit)
    DMA_GetCurrDataCounter                   0x08000c51   Thumb Code     8  stm32f10x_dma.o(i.DMA_GetCurrDataCounter)
    DMA_GetITStatus                          0x08000c59   Thumb Code    36  stm32f10x_dma.o(i.DMA_GetITStatus)
    DMA_ITConfig                             0x08000c85   Thumb Code    18  stm32f10x_dma.o(i.DMA_ITConfig)
    DMA_Init                                 0x08000c97   Thumb Code    60  stm32f10x_dma.o(i.DMA_Init)
    DMA_SetCurrDataCounter                   0x08000cd3   Thumb Code     4  stm32f10x_dma.o(i.DMA_SetCurrDataCounter)
    DQ1820_IN                                0x08000cd9   Thumb Code    30  ds18b20.o(i.DQ1820_IN)
    DQ1820_OUT                               0x08000cfd   Thumb Code    30  ds18b20.o(i.DQ1820_OUT)
    DS18B20_Check                            0x08000d21   Thumb Code    74  ds18b20.o(i.DS18B20_Check)
    DS18B20_Get_Data                         0x08000d71   Thumb Code    64  socket.o(i.DS18B20_Get_Data)
    DS18B20_Get_Temp                         0x08000db9   Thumb Code   290  ds18b20.o(i.DS18B20_Get_Temp)
    DS18B20_Init                             0x08000efd   Thumb Code    54  ds18b20.o(i.DS18B20_Init)
    DS18B20_Read_Bit                         0x08000f39   Thumb Code    60  ds18b20.o(i.DS18B20_Read_Bit)
    DS18B20_Read_Byte                        0x08000f7d   Thumb Code    34  ds18b20.o(i.DS18B20_Read_Byte)
    DS18B20_Rst                              0x08000fa1   Thumb Code    46  ds18b20.o(i.DS18B20_Rst)
    DS18B20_Share_Data_Demo                  0x08000fd9   Thumb Code   134  socket.o(i.DS18B20_Share_Data_Demo)
    DS18B20_Write_Byte                       0x08001075   Thumb Code    84  ds18b20.o(i.DS18B20_Write_Byte)
    DS18B20__Buffer_Updata                   0x080010d1   Thumb Code    86  ds18b20.o(i.DS18B20__Buffer_Updata)
    Data_Packing                             0x08001131   Thumb Code   136  socket.o(i.Data_Packing)
    Delay_Init                               0x080011c9   Thumb Code    56  delay.o(i.Delay_Init)
    Delay_ms                                 0x08001211   Thumb Code    56  delay.o(i.Delay_ms)
    Delay_us                                 0x0800124d   Thumb Code    56  delay.o(i.Delay_us)
    Dev_Setup                                0x08001289   Thumb Code   162  main.o(i.Dev_Setup)
    GPIO_Init                                0x0800134d   Thumb Code   278  stm32f10x_gpio.o(i.GPIO_Init)
    GPIO_ReadInputDataBit                    0x08001463   Thumb Code    18  stm32f10x_gpio.o(i.GPIO_ReadInputDataBit)
    GPIO_SetBits                             0x08001475   Thumb Code     4  stm32f10x_gpio.o(i.GPIO_SetBits)
    GPIO_Write                               0x08001479   Thumb Code     4  stm32f10x_gpio.o(i.GPIO_Write)
    GPIO_WriteBit                            0x0800147d   Thumb Code    10  stm32f10x_gpio.o(i.GPIO_WriteBit)
    Int_To_Str                               0x08001487   Thumb Code   184  main.o(i.Int_To_Str)
    KEY_Scan                                 0x08001541   Thumb Code   120  key.o(i.KEY_Scan)
    Key_Init                                 0x080015c1   Thumb Code    50  key.o(i.Key_Init)
    LED_Init                                 0x080015fd   Thumb Code    50  led.o(i.LED_Init)
    MYDMA_Config                             0x08001635   Thumb Code   122  dma.o(i.MYDMA_Config)
    MYDMA_Enable                             0x080016b5   Thumb Code    32  dma.o(i.MYDMA_Enable)
    MemCopy                                  0x080016d5   Thumb Code    20  main.o(i.MemCopy)
    NVIC_Init                                0x080016e9   Thumb Code   100  misc.o(i.NVIC_Init)
    NVIC_PriorityGroupConfig                 0x08001759   Thumb Code    10  misc.o(i.NVIC_PriorityGroupConfig)
    NumToChar                                0x0800176d   Thumb Code    38  oled_drv.o(i.NumToChar)
    OLED_Clear                               0x080017a1   Thumb Code    64  oled_drv.o(i.OLED_Clear)
    OLED_Hinit                               0x080017e1   Thumb Code    40  oled_drv.o(i.OLED_Hinit)
    OLED_SInit                               0x0800180d   Thumb Code   292  oled_drv.o(i.OLED_SInit)
    OLED_Screen_Show                         0x08001935   Thumb Code   194  oled_drv.o(i.OLED_Screen_Show)
    OLED_Set_Pos                             0x08001a01   Thumb Code    42  oled_drv.o(i.OLED_Set_Pos)
    OLED_ShowChar_6x8_Pos                    0x08001a2d   Thumb Code    80  oled_drv.o(i.OLED_ShowChar_6x8_Pos)
    OLED_ShowStr_6x8                         0x08001a81   Thumb Code    54  oled_drv.o(i.OLED_ShowStr_6x8)
    OLED_WR_Byte                             0x08001ab9   Thumb Code   134  oled_drv.o(i.OLED_WR_Byte)
    RCC_AHBPeriphClockCmd                    0x08001b45   Thumb Code    26  stm32f10x_rcc.o(i.RCC_AHBPeriphClockCmd)
    RCC_APB1PeriphClockCmd                   0x08001b65   Thumb Code    26  stm32f10x_rcc.o(i.RCC_APB1PeriphClockCmd)
    RCC_APB2PeriphClockCmd                   0x08001b85   Thumb Code    26  stm32f10x_rcc.o(i.RCC_APB2PeriphClockCmd)
    RCC_GetClocksFreq                        0x08001ba5   Thumb Code   192  stm32f10x_rcc.o(i.RCC_GetClocksFreq)
    Send_Wrapper                             0x08001c79   Thumb Code    66  main.o(i.Send_Wrapper)
    Size_Of_Str                              0x08001da9   Thumb Code    16  main.o(i.Size_Of_Str)
    Socket_Create_TCPClient                  0x08001db9   Thumb Code    72  socket.o(i.Socket_Create_TCPClient)
    Socket_Format_Send                       0x08001e05   Thumb Code    90  socket.o(i.Socket_Format_Send)
    Socket_Send                              0x08001e69   Thumb Code    66  socket.o(i.Socket_Send)
    Str_Splice                               0x08001ecd   Thumb Code    36  main.o(i.Str_Splice)
    SystemInit                               0x08001ef1   Thumb Code    78  system_stm32f10x.o(i.SystemInit)
    TIM3_IRQHandler                          0x08001f51   Thumb Code   250  time_base.o(i.TIM3_IRQHandler)
    TIM3_Int_Init                            0x08002085   Thumb Code    98  time_base.o(i.TIM3_Int_Init)
    TIM_ClearFlag                            0x080020ed   Thumb Code     6  stm32f10x_tim.o(i.TIM_ClearFlag)
    TIM_ClearITPendingBit                    0x080020f3   Thumb Code     6  stm32f10x_tim.o(i.TIM_ClearITPendingBit)
    TIM_Cmd                                  0x080020f9   Thumb Code    24  stm32f10x_tim.o(i.TIM_Cmd)
    TIM_GetITStatus                          0x08002111   Thumb Code    34  stm32f10x_tim.o(i.TIM_GetITStatus)
    TIM_ITConfig                             0x08002133   Thumb Code    18  stm32f10x_tim.o(i.TIM_ITConfig)
    TIM_TimeBaseInit                         0x08002145   Thumb Code   122  stm32f10x_tim.o(i.TIM_TimeBaseInit)
    USART1_IRQHandler                        0x080021e9   Thumb Code    46  usart.o(i.USART1_IRQHandler)
    USART2_Configure                         0x0800221d   Thumb Code   184  usart.o(i.USART2_Configure)
    USART2_IRQHandler                        0x080022dd   Thumb Code   130  usart.o(i.USART2_IRQHandler)
    USART_ClearFlag                          0x08002371   Thumb Code    18  stm32f10x_usart.o(i.USART_ClearFlag)
    USART_Cmd                                0x08002383   Thumb Code    24  stm32f10x_usart.o(i.USART_Cmd)
    USART_DMACmd                             0x0800239b   Thumb Code    18  stm32f10x_usart.o(i.USART_DMACmd)
    USART_GetFlagStatus                      0x080023ad   Thumb Code    26  stm32f10x_usart.o(i.USART_GetFlagStatus)
    USART_GetITStatus                        0x080023c7   Thumb Code    84  stm32f10x_usart.o(i.USART_GetITStatus)
    USART_ITConfig                           0x0800241b   Thumb Code    74  stm32f10x_usart.o(i.USART_ITConfig)
    USART_Init                               0x08002465   Thumb Code   210  stm32f10x_usart.o(i.USART_Init)
    USART_ReceiveData                        0x0800253d   Thumb Code    10  stm32f10x_usart.o(i.USART_ReceiveData)
    USART_SendData                           0x08002547   Thumb Code     8  stm32f10x_usart.o(i.USART_SendData)
    __scatterload_copy                       0x0800254f   Thumb Code    14  handlers.o(i.__scatterload_copy)
    __scatterload_null                       0x0800255d   Thumb Code     2  handlers.o(i.__scatterload_null)
    __scatterload_zeroinit                   0x0800255f   Thumb Code    14  handlers.o(i.__scatterload_zeroinit)
    main                                     0x0800256d   Thumb Code   354  main.o(i.main)
    F4x8                                     0x08002900   Data          40  oled_drv.o(.constdata)
    F6x8                                     0x08002928   Data         552  oled_drv.o(.constdata)
    F8X16                                    0x08002b50   Data        1520  oled_drv.o(.constdata)
    Region$$Table$$Base                      0x0800315c   Number         0  anon$$obj.o(Region$$Table)
    Region$$Table$$Limit                     0x0800317c   Number         0  anon$$obj.o(Region$$Table)
    SystemCoreClock                          0x20000000   Data           4  system_stm32f10x.o(.data)
    AHBPrescTable                            0x20000004   Data          16  system_stm32f10x.o(.data)
    sk_established                           0x20000014   Data           1  main.o(.data)
    sensor_wait                              0x20000015   Data           1  main.o(.data)
    Cmd_To_Send                              0x20000016   Data          60  main.o(.data)
    udma                                     0x20000054   Data          24  main.o(.data)
    Dev_Tempture_DS18B20                     0x2000006c   Data          44  main.o(.data)
    Dev_Tempture_DHT11                       0x20000098   Data          44  main.o(.data)
    Server_IP                                0x200000c4   Data          18  socket.o(.data)
    Server_Port                              0x200000d6   Data           5  socket.o(.data)
    dht11_send_ok                            0x200000db   Data           1  socket.o(.data)
    ds18b20_send_ok                          0x200000dc   Data           1  socket.o(.data)
    DHT11_Data_Field                         0x200000e0   Data           8  socket.o(.data)
    DS18B20_Data_Field                       0x200000e8   Data           4  socket.o(.data)
    Host_IP                                  0x200000ec   Data          18  socket.o(.data)
    Host_Port                                0x200000fe   Data           5  socket.o(.data)
    Wifi_Ssid                                0x20000103   Data          32  socket.o(.data)
    Wifi_Pwd                                 0x20000123   Data          16  socket.o(.data)
    Time_Counter                             0x2000013c   Data           4  time_base.o(.data)
    Flag_1ms                                 0x20000140   Data           1  time_base.o(.data)
    Flag_5ms                                 0x20000141   Data           1  time_base.o(.data)
    Flag_10ms                                0x20000142   Data           1  time_base.o(.data)
    Flag_20ms                                0x20000143   Data           1  time_base.o(.data)
    Flag_50ms                                0x20000144   Data           1  time_base.o(.data)
    Flag_100ms                               0x20000145   Data           1  time_base.o(.data)
    Flag_200ms                               0x20000146   Data           1  time_base.o(.data)
    Flag_500ms                               0x20000147   Data           1  time_base.o(.data)
    Flag_1s                                  0x20000148   Data           1  time_base.o(.data)
    DMA1_MEM_LEN                             0x2000014a   Data           2  dma.o(.data)
    DMA_Send_EN                              0x2000014c   Data           1  dma.o(.data)
    buf                                      0x2000014d   Data           5  dht11.o(.data)
    DHT_Temperature                          0x20000152   Data           1  dht11.o(.data)
    DHT_Humidity                             0x20000153   Data           1  dht11.o(.data)
    DHT_Humi_Fraction                        0x20000154   Data           1  dht11.o(.data)
    DHT_Temp_Fraction                        0x20000155   Data           1  dht11.o(.data)
    DHTT_Buffer                              0x20000156   Data           4  dht11.o(.data)
    DHTH_Buffer                              0x2000015a   Data           4  dht11.o(.data)
    DHT_SOC                                  0x2000015e   Data           1  dht11.o(.data)
    DHT_EOC                                  0x2000015f   Data           1  dht11.o(.data)
    display_flag                             0x20000164   Data           1  ds18b20.o(.data)
    DS_Temperature                           0x20000168   Data           4  ds18b20.o(.data)
    DS18b20_Buffer                           0x2000016c   Data           4  ds18b20.o(.data)
    DS18B20_EOC                              0x20000170   Data           1  ds18b20.o(.data)
    DS18B20_SOC                              0x20000171   Data           1  ds18b20.o(.data)
    SendBuff                                 0x2000018c   Data        1024  main.o(.bss)
    RecvBuff                                 0x2000058c   Data        1024  main.o(.bss)
    RecvBuff2                                0x2000098c   Data        1024  main.o(.bss)
    ds18b20_buffer                           0x20000d8c   Data         128  main.o(.bss)
    dht11_buffer                             0x20000e0c   Data         128  main.o(.bss)
    ds18b20_field                            0x20000e8c   Data          20  socket.o(.bss)
    dht11_field1                             0x20000ea0   Data          20  socket.o(.bss)
    dht11_field2                             0x20000eb4   Data          20  socket.o(.bss)
    OLED_Screen_Buff                         0x20000ec8   Data        1344  oled_drv.o(.bss)
    OLED_Assistant                           0x20001408   Data          20  oled_drv.o(.bss)
    __initial_sp                             0x20001820   Data           0  startup_stm32f10x_hd.o(STACK)



==============================================================================

Memory Map of the image

  Image Entry point : 0x08000131

  Load Region LR_IROM1 (Base: 0x08000000, Size: 0x00003308, Max: 0x00010000, ABSOLUTE, COMPRESSED[0x00003228])

    Execution Region ER_IROM1 (Exec base: 0x08000000, Load base: 0x08000000, Size: 0x0000317c, Max: 0x00010000, ABSOLUTE)

    Exec Addr    Load Addr    Size         Type   Attr      Idx    E Section Name        Object

    0x08000000   0x08000000   0x00000130   Data   RO          480    RESET               startup_stm32f10x_hd.o
    0x08000130   0x08000130   0x00000000   Code   RO         3894  * .ARM.Collect$$$$00000000  mc_w.l(entry.o)
    0x08000130   0x08000130   0x00000004   Code   RO         3909    .ARM.Collect$$$$00000001  mc_w.l(entry2.o)
    0x08000134   0x08000134   0x00000004   Code   RO         3912    .ARM.Collect$$$$00000004  mc_w.l(entry5.o)
    0x08000138   0x08000138   0x00000000   Code   RO         3914    .ARM.Collect$$$$00000008  mc_w.l(entry7b.o)
    0x08000138   0x08000138   0x00000000   Code   RO         3916    .ARM.Collect$$$$0000000A  mc_w.l(entry8b.o)
    0x08000138   0x08000138   0x00000008   Code   RO         3917    .ARM.Collect$$$$0000000B  mc_w.l(entry9a.o)
    0x08000140   0x08000140   0x00000000   Code   RO         3919    .ARM.Collect$$$$0000000D  mc_w.l(entry10a.o)
    0x08000140   0x08000140   0x00000000   Code   RO         3921    .ARM.Collect$$$$0000000F  mc_w.l(entry11a.o)
    0x08000140   0x08000140   0x00000004   Code   RO         3910    .ARM.Collect$$$$00002712  mc_w.l(entry2.o)
    0x08000144   0x08000144   0x00000024   Code   RO          481    .text               startup_stm32f10x_hd.o
    0x08000168   0x08000168   0x00000024   Code   RO         3897    .text               mc_w.l(memcpya.o)
    0x0800018c   0x0800018c   0x000000e4   Code   RO         3901    .text               mf_w.l(dmul.o)
    0x08000270   0x08000270   0x00000012   Code   RO         3903    .text               mf_w.l(fflti.o)
    0x08000282   0x08000282   0x00000032   Code   RO         3905    .text               mf_w.l(dfixui.o)
    0x080002b4   0x080002b4   0x00000026   Code   RO         3907    .text               mf_w.l(f2d.o)
    0x080002da   0x080002da   0x00000020   Code   RO         3923    .text               mc_w.l(llushr.o)
    0x080002fa   0x080002fa   0x00000000   Code   RO         3925    .text               mc_w.l(iusefp.o)
    0x080002fa   0x080002fa   0x0000006e   Code   RO         3926    .text               mf_w.l(fepilogue.o)
    0x08000368   0x08000368   0x000000ba   Code   RO         3928    .text               mf_w.l(depilogue.o)
    0x08000422   0x08000422   0x00000002   PAD
    0x08000424   0x08000424   0x00000024   Code   RO         3930    .text               mc_w.l(init.o)
    0x08000448   0x08000448   0x0000001e   Code   RO         3932    .text               mc_w.l(llshl.o)
    0x08000466   0x08000466   0x00000056   Code   RO         3942    .text               mc_w.l(__dczerorl2.o)
    0x080004bc   0x080004bc   0x0000001a   Code   RO          485    i.Cal_Line_Remain   oled_drv.o
    0x080004d6   0x080004d6   0x00000012   Code   RO          486    i.Cal_Recv_Len      oled_drv.o
    0x080004e8   0x080004e8   0x00000016   Code   RO          487    i.Cal_Screen_Axis   oled_drv.o
    0x080004fe   0x080004fe   0x00000002   PAD
    0x08000500   0x08000500   0x00000088   Code   RO          119    i.Copy_To_Buffer    main.o
    0x08000588   0x08000588   0x0000005c   Code   RO          765    i.DHT11_Check       dht11.o
    0x080005e4   0x080005e4   0x00000028   Code   RO          766    i.DHT11_IO_In       dht11.o
    0x0800060c   0x0800060c   0x0000002c   Code   RO          767    i.DHT11_IO_Out      dht11.o
    0x08000638   0x08000638   0x00000018   Code   RO          768    i.DHT11_Init        dht11.o
    0x08000650   0x08000650   0x0000005c   Code   RO          769    i.DHT11_Read_Bit    dht11.o
    0x080006ac   0x080006ac   0x0000001e   Code   RO          770    i.DHT11_Read_Byte   dht11.o
    0x080006ca   0x080006ca   0x00000002   PAD
    0x080006cc   0x080006cc   0x00000114   Code   RO          771    i.DHT11_Read_Data   dht11.o
    0x080007e0   0x080007e0   0x00000030   Code   RO          772    i.DHT11_Rst         dht11.o
    0x08000810   0x08000810   0x00000060   Code   RO          773    i.DHTH__Buffer_Updata  dht11.o
    0x08000870   0x08000870   0x00000060   Code   RO          774    i.DHTT__Buffer_Updata  dht11.o
    0x080008d0   0x080008d0   0x00000080   Code   RO          247    i.DHT_Get_Data      socket.o
    0x08000950   0x08000950   0x000000a0   Code   RO          248    i.DHT_Share_Data_Demo  socket.o
    0x080009f0   0x080009f0   0x00000078   Code   RO          723    i.DMA1_Channel6_IRQHandler  dma.o
    0x08000a68   0x08000a68   0x00000016   Code   RO          724    i.DMA1_Channel7_IRQHandler  dma.o
    0x08000a7e   0x08000a7e   0x00000002   PAD
    0x08000a80   0x08000a80   0x00000034   Code   RO          725    i.DMA1_Start_Send   dma.o
    0x08000ab4   0x08000ab4   0x0000001c   Code   RO         1652    i.DMA_ClearFlag     stm32f10x_dma.o
    0x08000ad0   0x08000ad0   0x0000001c   Code   RO         1653    i.DMA_ClearITPendingBit  stm32f10x_dma.o
    0x08000aec   0x08000aec   0x00000018   Code   RO         1654    i.DMA_Cmd           stm32f10x_dma.o
    0x08000b04   0x08000b04   0x0000014c   Code   RO         1655    i.DMA_DeInit        stm32f10x_dma.o
    0x08000c50   0x08000c50   0x00000008   Code   RO         1656    i.DMA_GetCurrDataCounter  stm32f10x_dma.o
    0x08000c58   0x08000c58   0x0000002c   Code   RO         1658    i.DMA_GetITStatus   stm32f10x_dma.o
    0x08000c84   0x08000c84   0x00000012   Code   RO         1659    i.DMA_ITConfig      stm32f10x_dma.o
    0x08000c96   0x08000c96   0x0000003c   Code   RO         1660    i.DMA_Init          stm32f10x_dma.o
    0x08000cd2   0x08000cd2   0x00000004   Code   RO         1661    i.DMA_SetCurrDataCounter  stm32f10x_dma.o
    0x08000cd6   0x08000cd6   0x00000002   PAD
    0x08000cd8   0x08000cd8   0x00000024   Code   RO          843    i.DQ1820_IN         ds18b20.o
    0x08000cfc   0x08000cfc   0x00000024   Code   RO          844    i.DQ1820_OUT        ds18b20.o
    0x08000d20   0x08000d20   0x00000050   Code   RO          845    i.DS18B20_Check     ds18b20.o
    0x08000d70   0x08000d70   0x00000048   Code   RO          249    i.DS18B20_Get_Data  socket.o
    0x08000db8   0x08000db8   0x00000144   Code   RO          846    i.DS18B20_Get_Temp  ds18b20.o
    0x08000efc   0x08000efc   0x0000003c   Code   RO          847    i.DS18B20_Init      ds18b20.o
    0x08000f38   0x08000f38   0x00000044   Code   RO          848    i.DS18B20_Read_Bit  ds18b20.o
    0x08000f7c   0x08000f7c   0x00000022   Code   RO          849    i.DS18B20_Read_Byte  ds18b20.o
    0x08000f9e   0x08000f9e   0x00000002   PAD
    0x08000fa0   0x08000fa0   0x00000038   Code   RO          850    i.DS18B20_Rst       ds18b20.o
    0x08000fd8   0x08000fd8   0x0000009c   Code   RO          250    i.DS18B20_Share_Data_Demo  socket.o
    0x08001074   0x08001074   0x0000005c   Code   RO          852    i.DS18B20_Write_Byte  ds18b20.o
    0x080010d0   0x080010d0   0x00000060   Code   RO          853    i.DS18B20__Buffer_Updata  ds18b20.o
    0x08001130   0x08001130   0x00000098   Code   RO          251    i.Data_Packing      socket.o
    0x080011c8   0x080011c8   0x00000048   Code   RO          343    i.Delay_Init        delay.o
    0x08001210   0x08001210   0x0000003c   Code   RO          344    i.Delay_ms          delay.o
    0x0800124c   0x0800124c   0x0000003c   Code   RO          345    i.Delay_us          delay.o
    0x08001288   0x08001288   0x000000c4   Code   RO          120    i.Dev_Setup         main.o
    0x0800134c   0x0800134c   0x00000116   Code   RO         2078    i.GPIO_Init         stm32f10x_gpio.o
    0x08001462   0x08001462   0x00000012   Code   RO         2082    i.GPIO_ReadInputDataBit  stm32f10x_gpio.o
    0x08001474   0x08001474   0x00000004   Code   RO         2086    i.GPIO_SetBits      stm32f10x_gpio.o
    0x08001478   0x08001478   0x00000004   Code   RO         2088    i.GPIO_Write        stm32f10x_gpio.o
    0x0800147c   0x0800147c   0x0000000a   Code   RO         2089    i.GPIO_WriteBit     stm32f10x_gpio.o
    0x08001486   0x08001486   0x000000b8   Code   RO          121    i.Int_To_Str        main.o
    0x0800153e   0x0800153e   0x00000002   PAD
    0x08001540   0x08001540   0x00000080   Code   RO          687    i.KEY_Scan          key.o
    0x080015c0   0x080015c0   0x0000003c   Code   RO          688    i.Key_Init          key.o
    0x080015fc   0x080015fc   0x00000038   Code   RO          705    i.LED_Init          led.o
    0x08001634   0x08001634   0x00000080   Code   RO          726    i.MYDMA_Config      dma.o
    0x080016b4   0x080016b4   0x00000020   Code   RO          727    i.MYDMA_Enable      dma.o
    0x080016d4   0x080016d4   0x00000014   Code   RO          123    i.MemCopy           main.o
    0x080016e8   0x080016e8   0x00000070   Code   RO          927    i.NVIC_Init         misc.o
    0x08001758   0x08001758   0x00000014   Code   RO          928    i.NVIC_PriorityGroupConfig  misc.o
    0x0800176c   0x0800176c   0x00000034   Code   RO          488    i.NumToChar         oled_drv.o
    0x080017a0   0x080017a0   0x00000040   Code   RO          489    i.OLED_Clear        oled_drv.o
    0x080017e0   0x080017e0   0x0000002c   Code   RO          500    i.OLED_Hinit        oled_drv.o
    0x0800180c   0x0800180c   0x00000128   Code   RO          501    i.OLED_SInit        oled_drv.o
    0x08001934   0x08001934   0x000000cc   Code   RO          502    i.OLED_Screen_Show  oled_drv.o
    0x08001a00   0x08001a00   0x0000002a   Code   RO          503    i.OLED_Set_Pos      oled_drv.o
    0x08001a2a   0x08001a2a   0x00000002   PAD
    0x08001a2c   0x08001a2c   0x00000054   Code   RO          506    i.OLED_ShowChar_6x8_Pos  oled_drv.o
    0x08001a80   0x08001a80   0x00000036   Code   RO          508    i.OLED_ShowStr_6x8  oled_drv.o
    0x08001ab6   0x08001ab6   0x00000002   PAD
    0x08001ab8   0x08001ab8   0x0000008c   Code   RO          512    i.OLED_WR_Byte      oled_drv.o
    0x08001b44   0x08001b44   0x00000020   Code   RO         2493    i.RCC_AHBPeriphClockCmd  stm32f10x_rcc.o
    0x08001b64   0x08001b64   0x00000020   Code   RO         2494    i.RCC_APB1PeriphClockCmd  stm32f10x_rcc.o
    0x08001b84   0x08001b84   0x00000020   Code   RO         2496    i.RCC_APB2PeriphClockCmd  stm32f10x_rcc.o
    0x08001ba4   0x08001ba4   0x000000d4   Code   RO         2504    i.RCC_GetClocksFreq  stm32f10x_rcc.o
    0x08001c78   0x08001c78   0x00000048   Code   RO          124    i.Send_Wrapper      main.o
    0x08001cc0   0x08001cc0   0x00000008   Code   RO            1    i.SetSysClock       system_stm32f10x.o
    0x08001cc8   0x08001cc8   0x000000e0   Code   RO            2    i.SetSysClockTo72   system_stm32f10x.o
    0x08001da8   0x08001da8   0x00000010   Code   RO          125    i.Size_Of_Str       main.o
    0x08001db8   0x08001db8   0x0000004c   Code   RO          257    i.Socket_Create_TCPClient  socket.o
    0x08001e04   0x08001e04   0x00000064   Code   RO          258    i.Socket_Format_Send  socket.o
    0x08001e68   0x08001e68   0x00000064   Code   RO          259    i.Socket_Send       socket.o
    0x08001ecc   0x08001ecc   0x00000024   Code   RO          126    i.Str_Splice        main.o
    0x08001ef0   0x08001ef0   0x00000060   Code   RO            4    i.SystemInit        system_stm32f10x.o
    0x08001f50   0x08001f50   0x00000134   Code   RO          443    i.TIM3_IRQHandler   time_base.o
    0x08002084   0x08002084   0x00000068   Code   RO          444    i.TIM3_Int_Init     time_base.o
    0x080020ec   0x080020ec   0x00000006   Code   RO         3122    i.TIM_ClearFlag     stm32f10x_tim.o
    0x080020f2   0x080020f2   0x00000006   Code   RO         3123    i.TIM_ClearITPendingBit  stm32f10x_tim.o
    0x080020f8   0x080020f8   0x00000018   Code   RO         3128    i.TIM_Cmd           stm32f10x_tim.o
    0x08002110   0x08002110   0x00000022   Code   RO         3149    i.TIM_GetITStatus   stm32f10x_tim.o
    0x08002132   0x08002132   0x00000012   Code   RO         3153    i.TIM_ITConfig      stm32f10x_tim.o
    0x08002144   0x08002144   0x000000a4   Code   RO         3199    i.TIM_TimeBaseInit  stm32f10x_tim.o
    0x080021e8   0x080021e8   0x00000034   Code   RO          373    i.USART1_IRQHandler  usart.o
    0x0800221c   0x0800221c   0x000000c0   Code   RO          378    i.USART2_Configure  usart.o
    0x080022dc   0x080022dc   0x00000094   Code   RO          379    i.USART2_IRQHandler  usart.o
    0x08002370   0x08002370   0x00000012   Code   RO         3660    i.USART_ClearFlag   stm32f10x_usart.o
    0x08002382   0x08002382   0x00000018   Code   RO         3664    i.USART_Cmd         stm32f10x_usart.o
    0x0800239a   0x0800239a   0x00000012   Code   RO         3665    i.USART_DMACmd      stm32f10x_usart.o
    0x080023ac   0x080023ac   0x0000001a   Code   RO         3667    i.USART_GetFlagStatus  stm32f10x_usart.o
    0x080023c6   0x080023c6   0x00000054   Code   RO         3668    i.USART_GetITStatus  stm32f10x_usart.o
    0x0800241a   0x0800241a   0x0000004a   Code   RO         3670    i.USART_ITConfig    stm32f10x_usart.o
    0x08002464   0x08002464   0x000000d8   Code   RO         3671    i.USART_Init        stm32f10x_usart.o
    0x0800253c   0x0800253c   0x0000000a   Code   RO         3678    i.USART_ReceiveData  stm32f10x_usart.o
    0x08002546   0x08002546   0x00000008   Code   RO         3681    i.USART_SendData    stm32f10x_usart.o
    0x0800254e   0x0800254e   0x0000000e   Code   RO         3936    i.__scatterload_copy  mc_w.l(handlers.o)
    0x0800255c   0x0800255c   0x00000002   Code   RO         3937    i.__scatterload_null  mc_w.l(handlers.o)
    0x0800255e   0x0800255e   0x0000000e   Code   RO         3938    i.__scatterload_zeroinit  mc_w.l(handlers.o)
    0x0800256c   0x0800256c   0x000001cc   Code   RO          129    i.main              main.o
    0x08002738   0x08002738   0x000001c8   Data   RO          261    .constdata          socket.o
    0x08002900   0x08002900   0x00000840   Data   RO          517    .constdata          oled_drv.o
    0x08003140   0x08003140   0x0000001b   Data   RO          131    .conststring        main.o
    0x0800315b   0x0800315b   0x00000001   PAD
    0x0800315c   0x0800315c   0x00000020   Data   RO         3934    Region$$Table       anon$$obj.o


    Execution Region RW_IRAM1 (Exec base: 0x20000000, Load base: 0x0800317c, Size: 0x00001820, Max: 0x00005000, ABSOLUTE, COMPRESSED[0x000000ac])

    Exec Addr    Load Addr    Size         Type   Attr      Idx    E Section Name        Object

    0x20000000   COMPRESSED   0x00000014   Data   RW            5    .data               system_stm32f10x.o
    0x20000014   COMPRESSED   0x000000b0   Data   RW          132    .data               main.o
    0x200000c4   COMPRESSED   0x00000074   Data   RW          262    .data               socket.o
    0x20000138   COMPRESSED   0x00000004   Data   RW          346    .data               delay.o
    0x2000013c   COMPRESSED   0x0000000d   Data   RW          445    .data               time_base.o
    0x20000149   COMPRESSED   0x00000001   PAD
    0x2000014a   COMPRESSED   0x00000003   Data   RW          728    .data               dma.o
    0x2000014d   COMPRESSED   0x00000014   Data   RW          776    .data               dht11.o
    0x20000161   COMPRESSED   0x00000003   PAD
    0x20000164   COMPRESSED   0x00000011   Data   RW          855    .data               ds18b20.o
    0x20000175   COMPRESSED   0x00000014   Data   RW         2524    .data               stm32f10x_rcc.o
    0x20000189   COMPRESSED   0x00000003   PAD
    0x2000018c        -       0x00000d00   Zero   RW          130    .bss                main.o
    0x20000e8c        -       0x0000003c   Zero   RW          260    .bss                socket.o
    0x20000ec8        -       0x00000554   Zero   RW          516    .bss                oled_drv.o
    0x2000141c   COMPRESSED   0x00000004   PAD
    0x20001420        -       0x00000400   Zero   RW          478    STACK               startup_stm32f10x_hd.o


==============================================================================

Image component sizes


      Code (inc. data)   RO Data    RW Data    ZI Data      Debug   Object Name

         0          0          0          0          0         32   core_cm3.o
       192         24          0          4          0       1675   delay.o
       838         78          0         20          0       6436   dht11.o
       354         28          0          3          0       3621   dma.o
       882        104          0         17          0       6255   ds18b20.o
       188         18          0          0          0       1038   key.o
        56          6          0          0          0        479   led.o
      1120        156         27        176       3328       7335   main.o
       132         22          0          0          0       1463   misc.o
      1046         42       2112          0       1364      10161   oled_drv.o
       944        124        456        116         60       8437   socket.o
        36          8        304          0       1024        796   startup_stm32f10x_hd.o
       546         36          0          0          0       6545   stm32f10x_dma.o
       314          0          0          0          0       4084   stm32f10x_gpio.o
       308         38          0         20          0       4874   stm32f10x_rcc.o
       252         42          0          0          0       3930   stm32f10x_tim.o
       478          6          0          0          0       7090   stm32f10x_usart.o
       328         28          0         20          0     263621   system_stm32f10x.o
       412         64          0         13          0       1850   time_base.o
       392         32          0          0          0       1791   usart.o

    ----------------------------------------------------------------------
      8834        856       2932        396       5780     341513   Object Totals
         0          0         32          0          0          0   (incl. Generated)
        16          0          1          7          4          0   (incl. Padding)

    ----------------------------------------------------------------------

      Code (inc. data)   RO Data    RW Data    ZI Data      Debug   Library Member Name

        86          0          0          0          0          0   __dczerorl2.o
         0          0          0          0          0          0   entry.o
         0          0          0          0          0          0   entry10a.o
         0          0          0          0          0          0   entry11a.o
         8          4          0          0          0          0   entry2.o
         4          0          0          0          0          0   entry5.o
         0          0          0          0          0          0   entry7b.o
         0          0          0          0          0          0   entry8b.o
         8          4          0          0          0          0   entry9a.o
        30          0          0          0          0          0   handlers.o
        36          8          0          0          0         68   init.o
         0          0          0          0          0          0   iusefp.o
        30          0          0          0          0         68   llshl.o
        32          0          0          0          0         68   llushr.o
        36          0          0          0          0         68   memcpya.o
       186          0          0          0          0        176   depilogue.o
        50          0          0          0          0         76   dfixui.o
       228          0          0          0          0         96   dmul.o
        38          0          0          0          0         68   f2d.o
       110          0          0          0          0        168   fepilogue.o
        18          0          0          0          0         68   fflti.o

    ----------------------------------------------------------------------
       902         16          0          0          0        924   Library Totals
         2          0          0          0          0          0   (incl. Padding)

    ----------------------------------------------------------------------

      Code (inc. data)   RO Data    RW Data    ZI Data      Debug   Library Name

       270         16          0          0          0        272   mc_w.l
       630          0          0          0          0        652   mf_w.l

    ----------------------------------------------------------------------
       902         16          0          0          0        924   Library Totals

    ----------------------------------------------------------------------

==============================================================================


      Code (inc. data)   RO Data    RW Data    ZI Data      Debug   

      9736        872       2932        396       5780     337157   Grand Totals
      9736        872       2932        172       5780     337157   ELF Image Totals (compressed)
      9736        872       2932        172          0          0   ROM Totals

==============================================================================

    Total RO  Size (Code + RO Data)                12668 (  12.37kB)
    Total RW  Size (RW Data + ZI Data)              6176 (   6.03kB)
    Total ROM Size (Code + RO Data + RW Data)      12840 (  12.54kB)

==============================================================================

